Archive member included to satisfy reference by file (symbol)

C:/mingw64/bin/../lib/gcc/x86_64-w64-mingw32/8.1.0/libstdc++.dll.a(d005880.o)
                              C:\Users\tvirtman.SVA\AppData\Local\Temp\ccwPxqzR.o (symbol from plugin) (__gxx_personality_seh0)
C:/mingw64/bin/../lib/gcc/x86_64-w64-mingw32/8.1.0/libstdc++.dll.a(d005860.o)
                              C:\Users\tvirtman.SVA\AppData\Local\Temp\ccwPxqzR.o (symbol from plugin) (__cxa_rethrow)
C:/mingw64/bin/../lib/gcc/x86_64-w64-mingw32/8.1.0/libstdc++.dll.a(d005849.o)
                              C:\Users\tvirtman.SVA\AppData\Local\Temp\ccwPxqzR.o (symbol from plugin) (__cxa_end_catch)
C:/mingw64/bin/../lib/gcc/x86_64-w64-mingw32/8.1.0/libstdc++.dll.a(d005843.o)
                              C:\Users\tvirtman.SVA\AppData\Local\Temp\ccwPxqzR.o (symbol from plugin) (__cxa_begin_catch)
C:/mingw64/bin/../lib/gcc/x86_64-w64-mingw32/8.1.0/libstdc++.dll.a(d005833.o)
                              C:\Users\tvirtman.SVA\AppData\Local\Temp\ccwPxqzR.o (symbol from plugin) (operator new(unsigned long long))
C:/mingw64/bin/../lib/gcc/x86_64-w64-mingw32/8.1.0/libstdc++.dll.a(d005827.o)
                              C:\Users\tvirtman.SVA\AppData\Local\Temp\ccwPxqzR.o (symbol from plugin) (operator delete(void*, unsigned long long))
C:/mingw64/bin/../lib/gcc/x86_64-w64-mingw32/8.1.0/libstdc++.dll.a(d005823.o)
                              C:\Users\tvirtman.SVA\AppData\Local\Temp\ccwPxqzR.o (symbol from plugin) (operator delete(void*))
C:/mingw64/bin/../lib/gcc/x86_64-w64-mingw32/8.1.0/libstdc++.dll.a(d005550.o)
                              (__imp__ZTVN10__cxxabiv120__si_class_type_infoE)
C:/mingw64/bin/../lib/gcc/x86_64-w64-mingw32/8.1.0/libstdc++.dll.a(d005545.o)
                              (__imp__ZTVN10__cxxabiv117__class_type_infoE)
C:/mingw64/bin/../lib/gcc/x86_64-w64-mingw32/8.1.0/libstdc++.dll.a(d004801.o)
                              C:\Users\tvirtman.SVA\AppData\Local\Temp\ccwPxqzR.o (symbol from plugin) (std::terminate())
C:/mingw64/bin/../lib/gcc/x86_64-w64-mingw32/8.1.0/libstdc++.dll.a(d004728.o)
                              C:\Users\tvirtman.SVA\AppData\Local\Temp\ccwPxqzR.o (symbol from plugin) (std::__throw_out_of_range_fmt(char const*, ...))
C:/mingw64/bin/../lib/gcc/x86_64-w64-mingw32/8.1.0/libstdc++.dll.a(d004713.o)
                              C:\Users\tvirtman.SVA\AppData\Local\Temp\ccwPxqzR.o (symbol from plugin) (std::__throw_length_error(char const*))
C:/mingw64/bin/../lib/gcc/x86_64-w64-mingw32/8.1.0/libstdc++.dll.a(d004705.o)
                              C:\Users\tvirtman.SVA\AppData\Local\Temp\ccwPxqzR.o (symbol from plugin) (std::__throw_logic_error(char const*))
C:/mingw64/bin/../lib/gcc/x86_64-w64-mingw32/8.1.0/libstdc++.dll.a(d004692.o)
                              C:\Users\tvirtman.SVA\AppData\Local\Temp\ccwPxqzR.o (symbol from plugin) (std::__throw_bad_alloc())
C:/mingw64/bin/../lib/gcc/x86_64-w64-mingw32/8.1.0/libstdc++.dll.a(d003856.o)
                              C:\Users\tvirtman.SVA\AppData\Local\Temp\ccwPxqzR.o (symbol from plugin) (std::__cxx11::basic_string<char, std::char_traits<char>, std::allocator<char> >::_M_create(unsigned long long&, unsigned long long))
C:/mingw64/bin/../lib/gcc/x86_64-w64-mingw32/8.1.0/libstdc++.dll.a(d003854.o)
                              C:\Users\tvirtman.SVA\AppData\Local\Temp\ccwPxqzR.o (symbol from plugin) (std::__cxx11::basic_string<char, std::char_traits<char>, std::allocator<char> >::_M_append(char const*, unsigned long long))
C:/mingw64/bin/../lib/gcc/x86_64-w64-mingw32/8.1.0/libstdc++.dll.a(d003847.o)
                              C:\Users\tvirtman.SVA\AppData\Local\Temp\ccwPxqzR.o (symbol from plugin) (std::__cxx11::basic_string<char, std::char_traits<char>, std::allocator<char> >::replace(unsigned long long, unsigned long long, char const*, unsigned long long))
C:/mingw64/bin/../lib/gcc/x86_64-w64-mingw32/8.1.0/libstdc++.dll.a(d003817.o)
                              C:\Users\tvirtman.SVA\AppData\Local\Temp\ccwPxqzR.o (symbol from plugin) (std::__cxx11::basic_string<char, std::char_traits<char>, std::allocator<char> >::insert(unsigned long long, char const*))
C:/mingw64/bin/../lib/gcc/x86_64-w64-mingw32/8.1.0/libstdc++.dll.a(d003799.o)
                              C:\Users\tvirtman.SVA\AppData\Local\Temp\ccwPxqzR.o (symbol from plugin) (std::__cxx11::basic_string<char, std::char_traits<char>, std::allocator<char> >::append(char const*))
C:/mingw64/bin/../lib/gcc/x86_64-w64-mingw32/8.1.0/libstdc++.dll.a(d003763.o)
                              C:\Users\tvirtman.SVA\AppData\Local\Temp\ccwPxqzR.o (symbol from plugin) (std::__cxx11::basic_string<char, std::char_traits<char>, std::allocator<char> >::_M_replace(unsigned long long, unsigned long long, char const*, unsigned long long))
C:/mingw64/bin/../lib/gcc/x86_64-w64-mingw32/8.1.0/libstdc++.dll.a(d003711.o)
[...]
Memory Configuration

Name             Origin             Length             Attributes
*default*        0x0000000000000000 0xffffffffffffffff

Linker script and memory map

                0x0000000000400000                __image_base__ = 0x400000
                0x0000000000000000                __dll__ = 0x0
                0x0000000000400000                __ImageBase = 0x400000
                0x0000000000001000                __section_alignment__ = 0x1000
                0x0000000000000200                __file_alignment__ = 0x200
                0x0000000000000004                __major_os_version__ = 0x4
                0x0000000000000000                __minor_os_version__ = 0x0
                0x0000000000000000                __major_image_version__ = 0x0
                0x0000000000000000                __minor_image_version__ = 0x0
                0x0000000000000005                __major_subsystem_version__ = 0x5
                0x0000000000000002                __minor_subsystem_version__ = 0x2
                0x0000000000000003                __subsystem__ = 0x3
                0x0000000000200000                __size_of_stack_reserve__ = 0x200000
                0x0000000000001000                __size_of_stack_commit__ = 0x1000
                0x0000000000100000                __size_of_heap_reserve__ = 0x100000
                0x0000000000001000                __size_of_heap_commit__ = 0x1000
                0x0000000000000000                __loader_flags__ = 0x0
                0x0000000000000000                __dll_characteristics__ = 0x0
LOAD C:/mingw64/bin/../lib/gcc/x86_64-w64-mingw32/8.1.0/../../../../x86_64-w64-mingw32/lib/../lib/crt2.o
LOAD C:/mingw64/bin/../lib/gcc/x86_64-w64-mingw32/8.1.0/crtbegin.o
LOAD C:\Users\tvirtman.SVA\AppData\Local\Temp\ccBnPDul.ltrans0.ltrans.o
LOAD C:/mingw64/bin/../lib/gcc/x86_64-w64-mingw32/8.1.0/libstdc++.dll.a
LOAD C:/mingw64/bin/../lib/gcc/x86_64-w64-mingw32/8.1.0/../../../../x86_64-w64-mingw32/lib/../lib/libmingw32.a
LOAD C:/mingw64/bin/../lib/gcc/x86_64-w64-mingw32/8.1.0/../../../../x86_64-w64-mingw32/lib/../lib/libgcc_s.a
LOAD C:/mingw64/bin/../lib/gcc/x86_64-w64-mingw32/8.1.0/libgcc.a
LOAD C:/mingw64/bin/../lib/gcc/x86_64-w64-mingw32/8.1.0/../../../../x86_64-w64-mingw32/lib/../lib/libmoldname.a
LOAD C:/mingw64/bin/../lib/gcc/x86_64-w64-mingw32/8.1.0/../../../../x86_64-w64-mingw32/lib/../lib/libmingwex.a
LOAD C:/mingw64/bin/../lib/gcc/x86_64-w64-mingw32/8.1.0/../../../../x86_64-w64-mingw32/lib/../lib/libmsvcrt.a
LOAD C:/mingw64/bin/../lib/gcc/x86_64-w64-mingw32/8.1.0/../../../../x86_64-w64-mingw32/lib/../lib/libpthread.dll.a
LOAD C:/mingw64/bin/../lib/gcc/x86_64-w64-mingw32/8.1.0/../../../../x86_64-w64-mingw32/lib/../lib/libadvapi32.a
LOAD C:/mingw64/bin/../lib/gcc/x86_64-w64-mingw32/8.1.0/../../../../x86_64-w64-mingw32/lib/../lib/libshell32.a
LOAD C:/mingw64/bin/../lib/gcc/x86_64-w64-mingw32/8.1.0/../../../../x86_64-w64-mingw32/lib/../lib/libuser32.a
LOAD C:/mingw64/bin/../lib/gcc/x86_64-w64-mingw32/8.1.0/../../../../x86_64-w64-mingw32/lib/../lib/libkernel32.a
LOAD C:/mingw64/bin/../lib/gcc/x86_64-w64-mingw32/8.1.0/../../../../x86_64-w64-mingw32/lib/../lib/libiconv.a
LOAD C:/mingw64/bin/../lib/gcc/x86_64-w64-mingw32/8.1.0/../../../../x86_64-w64-mingw32/lib/../lib/libmingw32.a
LOAD C:/mingw64/bin/../lib/gcc/x86_64-w64-mingw32/8.1.0/../../../../x86_64-w64-mingw32/lib/../lib/libgcc_s.a
LOAD C:/mingw64/bin/../lib/gcc/x86_64-w64-mingw32/8.1.0/libgcc.a
LOAD C:/mingw64/bin/../lib/gcc/x86_64-w64-mingw32/8.1.0/../../../../x86_64-w64-mingw32/lib/../lib/libmoldname.a
LOAD C:/mingw64/bin/../lib/gcc/x86_64-w64-mingw32/8.1.0/../../../../x86_64-w64-mingw32/lib/../lib/libmingwex.a
LOAD C:/mingw64/bin/../lib/gcc/x86_64-w64-mingw32/8.1.0/../../../../x86_64-w64-mingw32/lib/../lib/libmsvcrt.a
LOAD C:/mingw64/bin/../lib/gcc/x86_64-w64-mingw32/8.1.0/crtend.o
                0x00000000000003e0                . = SIZEOF_HEADERS
                0x0000000000001000                . = ALIGN (__section_alignment__)

.text           0x0000000000401000    0x10c00
 *(.init)
 *(.text)
 .text          0x0000000000401000      0x530 C:/mingw64/bin/../lib/gcc/x86_64-w64-mingw32/8.1.0/../../../../x86_64-w64-mingw32/lib/../lib/crt2.o
                0x00000000004014b0                WinMainCRTStartup
                0x00000000004014e0                mainCRTStartup
                0x0000000000401510                atexit
 .text          0x0000000000401530       0x20 C:/mingw64/bin/../lib/gcc/x86_64-w64-mingw32/8.1.0/crtbegin.o
                0x0000000000401530                __gcc_register_frame
                0x0000000000401540                __gcc_deregister_frame
 .text          0x0000000000401550        0x0 C:\Users\tvirtman.SVA\AppData\Local\Temp\ccBnPDul.ltrans0.ltrans.o
 .text          0x0000000000401550        0x8 C:/mingw64/bin/../lib/gcc/x86_64-w64-mingw32/8.1.0/libstdc++.dll.a(d005880.o)
                0x0000000000401550                __gxx_personality_seh0
 .text          0x0000000000401558        0x8 C:/mingw64/bin/../lib/gcc/x86_64-w64-mingw32/8.1.0/libstdc++.dll.a(d005860.o)
                0x0000000000401558                __cxa_rethrow
 .text          0x0000000000401560        0x8 C:/mingw64/bin/../lib/gcc/x86_64-w64-mingw32/8.1.0/libstdc++.dll.a(d005849.o)
                0x0000000000401560                __cxa_end_catch
 .text          0x0000000000401568        0x8 C:/mingw64/bin/../lib/gcc/x86_64-w64-mingw32/8.1.0/libstdc++.dll.a(d005843.o)
                0x0000000000401568                __cxa_begin_catch
 .text          0x0000000000401570        0x8 C:/mingw64/bin/../lib/gcc/x86_64-w64-mingw32/8.1.0/libstdc++.dll.a(d005833.o)
                0x0000000000401570                operator new(unsigned long long)
 .text          0x0000000000401578        0x8 C:/mingw64/bin/../lib/gcc/x86_64-w64-mingw32/8.1.0/libstdc++.dll.a(d005827.o)
                0x0000000000401578                operator delete(void*, unsigned long long)
 .text          0x0000000000401580        0x8 C:/mingw64/bin/../lib/gcc/x86_64-w64-mingw32/8.1.0/libstdc++.dll.a(d005823.o)
                0x0000000000401580                operator delete(void*)
 .text          0x0000000000401588        0x0 C:/mingw64/bin/../lib/gcc/x86_64-w64-mingw32/8.1.0/libstdc++.dll.a(d005550.o)
 .text          0x0000000000401588        0x0 C:/mingw64/bin/../lib/gcc/x86_64-w64-mingw32/8.1.0/libstdc++.dll.a(d005545.o)
 .text          0x0000000000401588        0x8 C:/mingw64/bin/../lib/gcc/x86_64-w64-mingw32/8.1.0/libstdc++.dll.a(d004801.o)
                0x0000000000401588                std::terminate()
 .text          0x0000000000401590        0x8 C:/mingw64/bin/../lib/gcc/x86_64-w64-mingw32/8.1.0/libstdc++.dll.a(d004728.o)
                0x0000000000401590                std::__throw_out_of_range_fmt(char const*, ...)
 .text          0x0000000000401598        0x8 C:/mingw64/bin/../lib/gcc/x86_64-w64-mingw32/8.1.0/libstdc++.dll.a(d004713.o)
                0x0000000000401598                std::__throw_length_error(char const*)
 .text          0x00000000004015a0        0x8 C:/mingw64/bin/../lib/gcc/x86_64-w64-mingw32/8.1.0/libstdc++.dll.a(d004705.o)
                0x00000000004015a0                std::__throw_logic_error(char const*)
 .text          0x00000000004015a8        0x8 C:/mingw64/bin/../lib/gcc/x86_64-w64-mingw32/8.1.0/libstdc++.dll.a(d004692.o)
                0x00000000004015a8                std::__throw_bad_alloc()
 .text          0x00000000004015b0        0x8 C:/mingw64/bin/../lib/gcc/x86_64-w64-mingw32/8.1.0/libstdc++.dll.a(d003856.o)
                0x00000000004015b0                std::__cxx11::basic_string<char, std::char_traits<char>, std::allocator<char> >::_M_create(unsigned long long&, unsigned long long)
 .text          0x00000000004015b8        0x8 C:/mingw64/bin/../lib/gcc/x86_64-w64-mingw32/8.1.0/libstdc++.dll.a(d003854.o)
                0x00000000004015b8                std::__cxx11::basic_string<char, std::char_traits<char>, std::allocator<char> >::_M_append(char const*, unsigned long long)
 .text          0x00000000004015c0        0x8 C:/mingw64/bin/../lib/gcc/x86_64-w64-mingw32/8.1.0/libstdc++.dll.a(d003847.o)
                0x00000000004015c0                std::__cxx11::basic_string<char, std::char_traits<char>, std::allocator<char> >::replace(unsigned long long, unsigned long long, char const*, unsigned long long)
 .text          0x00000000004015c8        0x8 C:/mingw64/bin/../lib/gcc/x86_64-w64-mingw32/8.1.0/libstdc++.dll.a(d003817.o)
                0x00000000004015c8                std::__cxx11::basic_string<char, std::char_traits<char>, std::allocator<char> >::insert(unsigned long long, char const*)
 .text          0x00000000004015d0        0x8 C:/mingw64/bin/../lib/gcc/x86_64-w64-mingw32/8.1.0/libstdc++.dll.a(d003799.o)
                0x00000000004015d0                std::__cxx11::basic_string<char, std::char_traits<char>, std::allocator<char> >::append(char const*)
 .text          0x00000000004015d8        0x8 C:/mingw64/bin/../lib/gcc/x86_64-w64-mingw32/8.1.0/libstdc++.dll.a(d003763.o)
                0x00000000004015d8                std::__cxx11::basic_string<char, std::char_traits<char>, std::allocator<char> >::_M_replace(unsigned long long, unsigned long long, char const*, unsigned long long)
 .text          0x00000000004015e0        0x8 C:/mingw64/bin/../lib/gcc/x86_64-w64-mingw32/8.1.0/libstdc++.dll.a(d003711.o)
                0x00000000004015e0                std::thread::_State::~_State()
 .text          0x00000000004015e8        0x8 C:/mingw64/bin/../lib/gcc/x86_64-w64-mingw32/8.1.0/libstdc++.dll.a(d003708.o)
                0x00000000004015e8                std::thread::join()
 .text          0x00000000004015f0        0x8 C:/mingw64/bin/../lib/gcc/x86_64-w64-mingw32/8.1.0/libstdc++.dll.a(d003706.o)
                0x00000000004015f0                std::thread::_M_start_thread(std::unique_ptr<std::thread::_State, std::default_delete<std::thread::_State> >, void (*)())
 *fill*         0x00000000004015f8        0x8 
 .text          0x0000000000401600        0x0 C:/mingw64/bin/../lib/gcc/x86_64-w64-mingw32/8.1.0/../../../../x86_64-w64-mingw32/lib/../lib/libmingw32.a(lib64_libmingw32_a-crt0_c.o)
 .text          0x0000000000401600       0xd0 C:/mingw64/bin/../lib/gcc/x86_64-w64-mingw32/8.1.0/../../../../x86_64-w64-mingw32/lib/../lib/libmingw32.a(lib64_libmingw32_a-gccmain.o)
                0x0000000000401600                __do_global_dtors
                0x0000000000401640                __do_global_ctors
                0x00000000004016b0                __main
 .text          0x00000000004016d0        0x0 C:/mingw64/bin/../lib/gcc/x86_64-w64-mingw32/8.1.0/../../../../x86_64-w64-mingw32/lib/../lib/libmingw32.a(lib64_libmingw32_a-natstart.o)
 .text          0x00000000004016d0        0x0 C:/mingw64/bin/../lib/gcc/x86_64-w64-mingw32/8.1.0/../../../../x86_64-w64-mingw32/lib/../lib/libmingw32.a(lib64_libmingw32_a-wildcard.o)
 .text          0x00000000004016d0       0x10 C:/mingw64/bin/../lib/gcc/x86_64-w64-mingw32/8.1.0/../../../../x86_64-w64-mingw32/lib/../lib/libmingw32.a(lib64_libmingw32_a-charmax.o)
 .text          0x00000000004016e0       0x10 C:/mingw64/bin/../lib/gcc/x86_64-w64-mingw32/8.1.0/../../../../x86_64-w64-mingw32/lib/../lib/libmingw32.a(lib64_libmingw32_a-dllargv.o)
                0x00000000004016e0                _setargv
 .text          0x00000000004016f0      0x1e0 C:/mingw64/bin/../lib/gcc/x86_64-w64-mingw32/8.1.0/../../../../x86_64-w64-mingw32/lib/../lib/libmingw32.a(lib64_libmingw32_a-gs_support.o)
                0x00000000004016f0                __security_init_cookie
                0x00000000004017d0                __report_gsfailure
 .text          0x00000000004018d0        0x0 C:/mingw64/bin/../lib/gcc/x86_64-w64-mingw32/8.1.0/../../../../x86_64-w64-mingw32/lib/../lib/libmingw32.a(lib64_libmingw32_a-_newmode.o)
 .text          0x00000000004018d0       0xc0 C:/mingw64/bin/../lib/gcc/x86_64-w64-mingw32/8.1.0/../../../../x86_64-w64-mingw32/lib/../lib/libmingw32.a(lib64_libmingw32_a-tlssup.o)
                0x0000000000401900                __dyn_tls_init
                0x0000000000401980                __tlregdtor
 .text          0x0000000000401990        0x0 C:/mingw64/bin/../lib/gcc/x86_64-w64-mingw32/8.1.0/../../../../x86_64-w64-mingw32/lib/../lib/libmingw32.a(lib64_libmingw32_a-cinitexe.o)
 .text          0x0000000000401990      0x160 C:/mingw64/bin/../lib/gcc/x86_64-w64-mingw32/8.1.0/../../../../x86_64-w64-mingw32/lib/../lib/libmingw32.a(lib64_libmingw32_a-merr.o)
                0x0000000000401990                __mingw_raise_matherr
                0x00000000004019e0                __mingw_setusermatherr
                0x00000000004019f0                _matherr
 .text          0x0000000000401af0       0x10 C:/mingw64/bin/../lib/gcc/x86_64-w64-mingw32/8.1.0/../../../../x86_64-w64-mingw32/lib/../lib/libmingw32.a(lib64_libmingw32_a-CRT_fp10.o)
                0x0000000000401af0                fpreset
                0x0000000000401af0                _fpreset
 .text          0x0000000000401b00       0x20 C:/mingw64/bin/../lib/gcc/x86_64-w64-mingw32/8.1.0/../../../../x86_64-w64-mingw32/lib/../lib/libmingw32.a(lib64_libmingw32_a-mingw_helpers.o)
                0x0000000000401b00                _decode_pointer
                0x0000000000401b10                _encode_pointer
 .text          0x0000000000401b20      0x490 C:/mingw64/bin/../lib/gcc/x86_64-w64-mingw32/8.1.0/../../../../x86_64-w64-mingw32/lib/../lib/libmingw32.a(lib64_libmingw32_a-pseudo-reloc.o)
                0x0000000000401cf0                _pei386_runtime_relocator
 .text          0x0000000000401fb0        0x0 C:/mingw64/bin/../lib/gcc/x86_64-w64-mingw32/8.1.0/../../../../x86_64-w64-mingw32/lib/../lib/libmingw32.a(lib64_libmingw32_a-xtxtmode.o)
 .text          0x0000000000401fb0      0x480 C:/mingw64/bin/../lib/gcc/x86_64-w64-mingw32/8.1.0/../../../../x86_64-w64-mingw32/lib/../lib/libmingw32.a(lib64_libmingw32_a-crt_handler.o)
                0x0000000000401fb0                __mingw_SEH_error_handler
                0x0000000000402150                __mingw_init_ehandler
                0x0000000000402240                _gnu_exception_handler
 .text          0x0000000000402430      0x270 C:/mingw64/bin/../lib/gcc/x86_64-w64-mingw32/8.1.0/../../../../x86_64-w64-mingw32/lib/../lib/libmingw32.a(lib64_libmingw32_a-tlsthrd.o)
                0x00000000004024a0                ___w64_mingwthr_add_key_dtor
                0x0000000000402520                ___w64_mingwthr_remove_key_dtor
                0x00000000004025c0                __mingw_TLScallback
 .text          0x00000000004026a0        0x0 C:/mingw64/bin/../lib/gcc/x86_64-w64-mingw32/8.1.0/../../../../x86_64-w64-mingw32/lib/../lib/libmingw32.a(lib64_libmingw32_a-tlsmcrt.o)
 .text          0x00000000004026a0        0x0 C:/mingw64/bin/../lib/gcc/x86_64-w64-mingw32/8.1.0/../../../../x86_64-w64-mingw32/lib/../lib/libmingw32.a(lib64_libmingw32_a-pseudo-reloc-list.o)
 .text          0x00000000004026a0      0x3e0 C:/mingw64/bin/../lib/gcc/x86_64-w64-mingw32/8.1.0/../../../../x86_64-w64-mingw32/lib/../lib/libmingw32.a(lib64_libmingw32_a-pesect.o)
                0x00000000004026c0                _ValidateImageBase
                0x00000000004026e0                _FindPESection
                0x0000000000402730                _FindPESectionByName
                0x00000000004027c0                __mingw_GetSectionForAddress
                0x0000000000402840                __mingw_GetSectionCount
                0x0000000000402880                _FindPESectionExec
                0x00000000004028f0                _GetPEImageBase
                0x0000000000402930                _IsNonwritableInCurrentImage
                0x00000000004029d0                __mingw_enum_import_library_names
 .text          0x0000000000402a80       0x40 C:/mingw64/bin/../lib/gcc/x86_64-w64-mingw32/8.1.0/libgcc.a(_chkstk_ms.o)
                0x0000000000402a80                ___chkstk_ms
 .text          0x0000000000402ac0        0x0 C:/mingw64/bin/../lib/gcc/x86_64-w64-mingw32/8.1.0/libgcc.a(_ctors.o)
 .text          0x0000000000402ac0        0x0 C:/mingw64/bin/../lib/gcc/x86_64-w64-mingw32/8.1.0/../../../../x86_64-w64-mingw32/lib/../lib/libmingwex.a(lib64_libmingwex_a-mingw_matherr.o)
 .text          0x0000000000402ac0       0x50 C:/mingw64/bin/../lib/gcc/x86_64-w64-mingw32/8.1.0/../../../../x86_64-w64-mingw32/lib/../lib/libmingwex.a(lib64_libmingwex_a-mingw_vfprintf.o)
                0x0000000000402ac0                __mingw_vfprintf
 .text          0x0000000000402b10     0x35c0 C:/mingw64/bin/../lib/gcc/x86_64-w64-mingw32/8.1.0/../../../../x86_64-w64-mingw32/lib/../lib/libmingwex.a(lib64_libmingwex_a-mingw_vfscanf.o)
                0x0000000000406020                __mingw_vfscanf
                0x0000000000406070                __mingw_vsscanf
 .text          0x00000000004060d0       0x60 C:/mingw64/bin/../lib/gcc/x86_64-w64-mingw32/8.1.0/../../../../x86_64-w64-mingw32/lib/../lib/libmingwex.a(lib64_libmingwex_a-mingw_vsnprintf.o)
                0x00000000004060d0                __mingw_vsnprintf
 .text          0x0000000000406130       0xb0 C:/mingw64/bin/../lib/gcc/x86_64-w64-mingw32/8.1.0/../../../../x86_64-w64-mingw32/lib/../lib/libmingwex.a(lib64_libmingwex_a-strtof.o)
                0x0000000000406130                __strtof
                0x0000000000406130                __mingw_strtof
 .text          0x00000000004061e0       0xc0 C:/mingw64/bin/../lib/gcc/x86_64-w64-mingw32/8.1.0/../../../../x86_64-w64-mingw32/lib/../lib/libmingwex.a(lib64_libmingwex_a-strtopx.o)
                0x00000000004061e0                __mingw_strtold
                0x00000000004061e0                __strtold
 .text          0x00000000004062a0      0x340 C:/mingw64/bin/../lib/gcc/x86_64-w64-mingw32/8.1.0/../../../../x86_64-w64-mingw32/lib/../lib/libmingwex.a(lib64_libmingwex_a-mbrtowc.o)
                0x0000000000406420                mbrtowc
                0x0000000000406490                mbsrtowcs
                0x0000000000406580                mbrlen
 .text          0x00000000004065e0      0x230 C:/mingw64/bin/../lib/gcc/x86_64-w64-mingw32/8.1.0/../../../../x86_64-w64-mingw32/lib/../lib/libmingwex.a(lib64_libmingwex_a-strtoimax.o)
                0x00000000004065e0                strtoll
                0x00000000004065e0                strtoimax
 .text          0x0000000000406810      0x1f0 C:/mingw64/bin/../lib/gcc/x86_64-w64-mingw32/8.1.0/../../../../x86_64-w64-mingw32/lib/../lib/libmingwex.a(lib64_libmingwex_a-strtoumax.o)
                0x0000000000406810                strtoull
                0x0000000000406810                strtoumax
 .text          0x0000000000406a00     0x2110 C:/mingw64/bin/../lib/gcc/x86_64-w64-mingw32/8.1.0/../../../../x86_64-w64-mingw32/lib/../lib/libmingwex.a(lib64_libmingwex_a-mingw_pformat.o)
                0x0000000000408200                __mingw_pformat
 .text          0x0000000000408b10      0x280 C:/mingw64/bin/../lib/gcc/x86_64-w64-mingw32/8.1.0/../../../../x86_64-w64-mingw32/lib/../lib/libmingwex.a(lib64_libmingwex_a-dmisc.o)
                0x0000000000408b10                __rv_alloc_D2A
                0x0000000000408b40                __nrv_alloc_D2A
                0x0000000000408bd0                __freedtoa
                0x0000000000408bf0                __quorem_D2A
 .text          0x0000000000408d90     0x1590 C:/mingw64/bin/../lib/gcc/x86_64-w64-mingw32/8.1.0/../../../../x86_64-w64-mingw32/lib/../lib/libmingwex.a(lib64_libmingwex_a-gdtoa.o)
                0x0000000000408d90                __gdtoa
 .text          0x000000000040a320      0x150 C:/mingw64/bin/../lib/gcc/x86_64-w64-mingw32/8.1.0/../../../../x86_64-w64-mingw32/lib/../lib/libmingwex.a(lib64_libmingwex_a-gmisc.o)
                0x000000000040a320                __rshift_D2A
                0x000000000040a420                __trailz_D2A
 .text          0x000000000040a470      0xb30 C:/mingw64/bin/../lib/gcc/x86_64-w64-mingw32/8.1.0/../../../../x86_64-w64-mingw32/lib/../lib/libmingwex.a(lib64_libmingwex_a-misc.o)
                0x000000000040a590                __Balloc_D2A
                0x000000000040a690                __Bfree_D2A
                0x000000000040a700                __multadd_D2A
                0x000000000040a7b0                __i2b_D2A
                0x000000000040a7e0                __mult_D2A
                0x000000000040a910                __pow5mult_D2A
                0x000000000040aa90                __lshift_D2A
                0x000000000040ab90                __cmp_D2A
                0x000000000040abd0                __diff_D2A
                0x000000000040ad40                __b2d_D2A
                0x000000000040ae50                __d2b_D2A
                0x000000000040af70                __strcp_D2A
 .text          0x000000000040afa0     0x2050 C:/mingw64/bin/../lib/gcc/x86_64-w64-mingw32/8.1.0/../../../../x86_64-w64-mingw32/lib/../lib/libmingwex.a(lib64_libmingwex_a-strtodg.o)
                0x000000000040afa0                __increment_D2A
                0x000000000040b3e0                __decrement_D2A
                0x000000000040b410                __set_ones_D2A
                0x000000000040b4a0                __strtodg
 .text          0x000000000040cff0      0x150 C:/mingw64/bin/../lib/gcc/x86_64-w64-mingw32/8.1.0/../../../../x86_64-w64-mingw32/lib/../lib/libmingwex.a(lib64_libmingwex_a-sum.o)
                0x000000000040cff0                __sum_D2A
 .text          0x000000000040d140       0x30 C:/mingw64/bin/../lib/gcc/x86_64-w64-mingw32/8.1.0/../../../../x86_64-w64-mingw32/lib/../lib/libmingwex.a(lib64_libmingwex_a-strnlen.o)
                0x000000000040d140                strnlen
 .text          0x000000000040d170      0x1c0 C:/mingw64/bin/../lib/gcc/x86_64-w64-mingw32/8.1.0/../../../../x86_64-w64-mingw32/lib/../lib/libmingwex.a(lib64_libmingwex_a-wcrtomb.o)
                0x000000000040d1f0                wcrtomb
                0x000000000040d230                wcsrtombs
 .text          0x000000000040d330       0x30 C:/mingw64/bin/../lib/gcc/x86_64-w64-mingw32/8.1.0/../../../../x86_64-w64-mingw32/lib/../lib/libmingwex.a(lib64_libmingwex_a-wcsnlen.o)
                0x000000000040d330                wcsnlen
 .text          0x000000000040d360      0x910 C:/mingw64/bin/../lib/gcc/x86_64-w64-mingw32/8.1.0/../../../../x86_64-w64-mingw32/lib/../lib/libmingwex.a(lib64_libmingwex_a-gethex.o)
                0x000000000040d360                __gethex_D2A
 .text          0x000000000040dc70       0xa0 C:/mingw64/bin/../lib/gcc/x86_64-w64-mingw32/8.1.0/../../../../x86_64-w64-mingw32/lib/../lib/libmingwex.a(lib64_libmingwex_a-hd_init.o)
                0x000000000040dc70                __mingw_hexdig_init_D2A
 .text          0x000000000040dd10      0x3a0 C:/mingw64/bin/../lib/gcc/x86_64-w64-mingw32/8.1.0/../../../../x86_64-w64-mingw32/lib/../lib/libmingwex.a(lib64_libmingwex_a-hexnan.o)
                0x000000000040dd10                __hexnan_D2A
 .text          0x000000000040e0b0      0x2f0 C:/mingw64/bin/../lib/gcc/x86_64-w64-mingw32/8.1.0/../../../../x86_64-w64-mingw32/lib/../lib/libmingwex.a(lib64_libmingwex_a-smisc.o)
                0x000000000040e0b0                __s2b_D2A
                0x000000000040e1b0                __ratio_D2A
                0x000000000040e250                __match_D2A
                0x000000000040e2a0                __copybits_D2A
                0x000000000040e300                __any_on_D2A
 .text          0x000000000040e3a0        0x8 C:/mingw64/bin/../lib/gcc/x86_64-w64-mingw32/8.1.0/../../../../x86_64-w64-mingw32/lib/../lib/libmsvcrt.a(duags01264.o)
                0x000000000040e3a0                wcslen
 .text          0x000000000040e3a8        0x8 C:/mingw64/bin/../lib/gcc/x86_64-w64-mingw32/8.1.0/../../../../x86_64-w64-mingw32/lib/../lib/libmsvcrt.a(duags01243.o)
                0x000000000040e3a8                vfprintf
 .text          0x000000000040e3b0        0x8 C:/mingw64/bin/../lib/gcc/x86_64-w64-mingw32/8.1.0/../../../../x86_64-w64-mingw32/lib/../lib/libmsvcrt.a(duags01241.o)
                0x000000000040e3b0                ungetc
 .text          0x000000000040e3b8        0x8 C:/mingw64/bin/../lib/gcc/x86_64-w64-mingw32/8.1.0/../../../../x86_64-w64-mingw32/lib/../lib/libmsvcrt.a(duags01237.o)
                0x000000000040e3b8                tolower
 .text          0x000000000040e3c0        0x8 C:/mingw64/bin/../lib/gcc/x86_64-w64-mingw32/8.1.0/../../../../x86_64-w64-mingw32/lib/../lib/libmsvcrt.a(duags01223.o)
                0x000000000040e3c0                strtoul
 .text          0x000000000040e3c8        0x8 C:/mingw64/bin/../lib/gcc/x86_64-w64-mingw32/8.1.0/../../../../x86_64-w64-mingw32/lib/../lib/libmsvcrt.a(duags01222.o)
                0x000000000040e3c8                strtol
 .text          0x000000000040e3d0        0x8 C:/mingw64/bin/../lib/gcc/x86_64-w64-mingw32/8.1.0/../../../../x86_64-w64-mingw32/lib/../lib/libmsvcrt.a(duags01211.o)
                0x000000000040e3d0                strncmp
 .text          0x000000000040e3d8        0x8 C:/mingw64/bin/../lib/gcc/x86_64-w64-mingw32/8.1.0/../../../../x86_64-w64-mingw32/lib/../lib/libmsvcrt.a(duags01208.o)
                0x000000000040e3d8                strlen
 .text          0x000000000040e3e0        0x8 C:/mingw64/bin/../lib/gcc/x86_64-w64-mingw32/8.1.0/../../../../x86_64-w64-mingw32/lib/../lib/libmsvcrt.a(duags01206.o)
                0x000000000040e3e0                strerror
 .text          0x000000000040e3e8        0x8 C:/mingw64/bin/../lib/gcc/x86_64-w64-mingw32/8.1.0/../../../../x86_64-w64-mingw32/lib/../lib/libmsvcrt.a(duags01187.o)
                0x000000000040e3e8                signal
 .text          0x000000000040e3f0        0x8 C:/mingw64/bin/../lib/gcc/x86_64-w64-mingw32/8.1.0/../../../../x86_64-w64-mingw32/lib/../lib/libmsvcrt.a(duags01177.o)
                0x000000000040e3f0                realloc
 .text          0x000000000040e3f8        0x8 C:/mingw64/bin/../lib/gcc/x86_64-w64-mingw32/8.1.0/../../../../x86_64-w64-mingw32/lib/../lib/libmsvcrt.a(duags01159.o)
                0x000000000040e3f8                memset
 .text          0x000000000040e400        0x8 C:/mingw64/bin/../lib/gcc/x86_64-w64-mingw32/8.1.0/../../../../x86_64-w64-mingw32/lib/../lib/libmsvcrt.a(duags01157.o)
                0x000000000040e400                memcpy
 .text          0x000000000040e408        0x8 C:/mingw64/bin/../lib/gcc/x86_64-w64-mingw32/8.1.0/../../../../x86_64-w64-mingw32/lib/../lib/libmsvcrt.a(duags01149.o)
                0x000000000040e408                malloc
 .text          0x000000000040e410        0x8 C:/mingw64/bin/../lib/gcc/x86_64-w64-mingw32/8.1.0/../../../../x86_64-w64-mingw32/lib/../lib/libmsvcrt.a(duags01142.o)
                0x000000000040e410                localeconv
 .text          0x000000000040e418        0x8 C:/mingw64/bin/../lib/gcc/x86_64-w64-mingw32/8.1.0/../../../../x86_64-w64-mingw32/lib/../lib/libmsvcrt.a(duags01138.o)
                0x000000000040e418                isxdigit
 .text          0x000000000040e420        0x8 C:/mingw64/bin/../lib/gcc/x86_64-w64-mingw32/8.1.0/../../../../x86_64-w64-mingw32/lib/../lib/libmsvcrt.a(duags01123.o)
                0x000000000040e420                isupper
 .text          0x000000000040e428        0x8 C:/mingw64/bin/../lib/gcc/x86_64-w64-mingw32/8.1.0/../../../../x86_64-w64-mingw32/lib/../lib/libmsvcrt.a(duags01122.o)
                0x000000000040e428                isspace
 .text          0x000000000040e430        0x8 C:/mingw64/bin/../lib/gcc/x86_64-w64-mingw32/8.1.0/../../../../x86_64-w64-mingw32/lib/../lib/libmsvcrt.a(duags01119.o)
                0x000000000040e430                islower
 .text          0x000000000040e438        0x8 C:/mingw64/bin/../lib/gcc/x86_64-w64-mingw32/8.1.0/../../../../x86_64-w64-mingw32/lib/../lib/libmsvcrt.a(duags01104.o)
                0x000000000040e438                getc
 .text          0x000000000040e440        0x8 C:/mingw64/bin/../lib/gcc/x86_64-w64-mingw32/8.1.0/../../../../x86_64-w64-mingw32/lib/../lib/libmsvcrt.a(duags01101.o)
                0x000000000040e440                fwrite
 .text          0x000000000040e448        0x8 C:/mingw64/bin/../lib/gcc/x86_64-w64-mingw32/8.1.0/../../../../x86_64-w64-mingw32/lib/../lib/libmsvcrt.a(duags01095.o)
                0x000000000040e448                fseek
 .text          0x000000000040e450        0x8 C:/mingw64/bin/../lib/gcc/x86_64-w64-mingw32/8.1.0/../../../../x86_64-w64-mingw32/lib/../lib/libmsvcrt.a(duags01089.o)
                0x000000000040e450                free
 .text          0x000000000040e458        0x8 C:/mingw64/bin/../lib/gcc/x86_64-w64-mingw32/8.1.0/../../../../x86_64-w64-mingw32/lib/../lib/libmsvcrt.a(duags01084.o)
                0x000000000040e458                fputc
 .text          0x000000000040e460        0x8 C:/mingw64/bin/../lib/gcc/x86_64-w64-mingw32/8.1.0/../../../../x86_64-w64-mingw32/lib/../lib/libmsvcrt.a(duags01082.o)
                0x000000000040e460                fprintf
 .text          0x000000000040e468        0x8 C:/mingw64/bin/../lib/gcc/x86_64-w64-mingw32/8.1.0/../../../../x86_64-w64-mingw32/lib/../lib/libmsvcrt.a(duags01080.o)
                0x000000000040e468                fopen
 .text          0x000000000040e470        0x8 C:/mingw64/bin/../lib/gcc/x86_64-w64-mingw32/8.1.0/../../../../x86_64-w64-mingw32/lib/../lib/libmsvcrt.a(duags01071.o)
                0x000000000040e470                fgetc
 .text          0x000000000040e478        0x8 C:/mingw64/bin/../lib/gcc/x86_64-w64-mingw32/8.1.0/../../../../x86_64-w64-mingw32/lib/../lib/libmsvcrt.a(duags01067.o)
                0x000000000040e478                fclose
 .text          0x000000000040e480        0x8 C:/mingw64/bin/../lib/gcc/x86_64-w64-mingw32/8.1.0/../../../../x86_64-w64-mingw32/lib/../lib/libmsvcrt.a(duags01063.o)
                0x000000000040e480                exit
 .text          0x000000000040e488        0x8 C:/mingw64/bin/../lib/gcc/x86_64-w64-mingw32/8.1.0/../../../../x86_64-w64-mingw32/lib/../lib/libmsvcrt.a(duags01050.o)
                0x000000000040e488                calloc
 .text          0x000000000040e490        0x8 C:/mingw64/bin/../lib/gcc/x86_64-w64-mingw32/8.1.0/../../../../x86_64-w64-mingw32/lib/../lib/libmsvcrt.a(duags01032.o)
                0x000000000040e490                abort
 .text          0x000000000040e498        0x8 C:/mingw64/bin/../lib/gcc/x86_64-w64-mingw32/8.1.0/../../../../x86_64-w64-mingw32/lib/../lib/libmsvcrt.a(duags00614.o)
                0x000000000040e498                _onexit
 .text          0x000000000040e4a0        0x8 C:/mingw64/bin/../lib/gcc/x86_64-w64-mingw32/8.1.0/../../../../x86_64-w64-mingw32/lib/../lib/libmsvcrt.a(duags00332.o)
                0x000000000040e4a0                _initterm
 .text          0x000000000040e4a8        0x8 C:/mingw64/bin/../lib/gcc/x86_64-w64-mingw32/8.1.0/../../../../x86_64-w64-mingw32/lib/../lib/libmsvcrt.a(duags00203.o)
                0x000000000040e4a8                _errno
 .text          0x000000000040e4b0        0x8 C:/mingw64/bin/../lib/gcc/x86_64-w64-mingw32/8.1.0/../../../../x86_64-w64-mingw32/lib/../lib/libmsvcrt.a(duags00141.o)
                0x000000000040e4b0                _cexit
 .text          0x000000000040e4b8        0x8 C:/mingw64/bin/../lib/gcc/x86_64-w64-mingw32/8.1.0/../../../../x86_64-w64-mingw32/lib/../lib/libmsvcrt.a(duags00122.o)
                0x000000000040e4b8                _amsg_exit
 .text          0x000000000040e4c0        0x8 C:/mingw64/bin/../lib/gcc/x86_64-w64-mingw32/8.1.0/../../../../x86_64-w64-mingw32/lib/../lib/libmsvcrt.a(duags00098.o)
                0x000000000040e4c0                __setusermatherr
 .text          0x000000000040e4c8        0x8 C:/mingw64/bin/../lib/gcc/x86_64-w64-mingw32/8.1.0/../../../../x86_64-w64-mingw32/lib/../lib/libmsvcrt.a(duags00096.o)
                0x000000000040e4c8                __set_app_type
 .text          0x000000000040e4d0        0x8 C:/mingw64/bin/../lib/gcc/x86_64-w64-mingw32/8.1.0/../../../../x86_64-w64-mingw32/lib/../lib/libmsvcrt.a(duags00090.o)
                0x000000000040e4d0                __lconv_init
 .text          0x000000000040e4d8        0x0 C:/mingw64/bin/../lib/gcc/x86_64-w64-mingw32/8.1.0/../../../../x86_64-w64-mingw32/lib/../lib/libmsvcrt.a(duags00082.o)
 .text          0x000000000040e4d8        0x8 C:/mingw64/bin/../lib/gcc/x86_64-w64-mingw32/8.1.0/../../../../x86_64-w64-mingw32/lib/../lib/libmsvcrt.a(duags00081.o)
                0x000000000040e4d8                __getmainargs
 .text          0x000000000040e4e0        0x8 C:/mingw64/bin/../lib/gcc/x86_64-w64-mingw32/8.1.0/../../../../x86_64-w64-mingw32/lib/../lib/libmsvcrt.a(duags00066.o)
                0x000000000040e4e0                ___mb_cur_max_func
 .text          0x000000000040e4e8        0x8 C:/mingw64/bin/../lib/gcc/x86_64-w64-mingw32/8.1.0/../../../../x86_64-w64-mingw32/lib/../lib/libmsvcrt.a(duags00063.o)
                0x000000000040e4e8                ___lc_codepage_func
 .text          0x000000000040e4f0        0x8 C:/mingw64/bin/../lib/gcc/x86_64-w64-mingw32/8.1.0/../../../../x86_64-w64-mingw32/lib/../lib/libmsvcrt.a(duags00055.o)
                0x000000000040e4f0                __C_specific_handler
 *fill*         0x000000000040e4f8        0x8 
 .text          0x000000000040e500       0x20 C:/mingw64/bin/../lib/gcc/x86_64-w64-mingw32/8.1.0/../../../../x86_64-w64-mingw32/lib/../lib/libmsvcrt.a(lib64_libmsvcrt_os_a-acrt_iob_func.o)
                0x000000000040e500                __acrt_iob_func
 .text          0x000000000040e520       0x20 C:/mingw64/bin/../lib/gcc/x86_64-w64-mingw32/8.1.0/../../../../x86_64-w64-mingw32/lib/../lib/libmsvcrt.a(lib64_libmsvcrt_os_a-invalid_parameter_handler.o)
                0x000000000040e520                _get_invalid_parameter_handler
                0x000000000040e530                _set_invalid_parameter_handler
 .text          0x000000000040e540       0xd0 C:/mingw64/bin/../lib/gcc/x86_64-w64-mingw32/8.1.0/../../../../x86_64-w64-mingw32/lib/../lib/libmsvcrt.a(lib64_libmsvcrt_os_a-mingw_lock.o)
                0x000000000040e540                _lock_file
                0x000000000040e5b0                _unlock_file
 .text          0x000000000040e610       0x10 C:/mingw64/bin/../lib/gcc/x86_64-w64-mingw32/8.1.0/../../../../x86_64-w64-mingw32/lib/../lib/libmsvcrt.a(lib64_libmsvcrt_os_a-__p__acmdln.o)
                0x000000000040e610                __p__acmdln
 .text          0x000000000040e620       0x10 C:/mingw64/bin/../lib/gcc/x86_64-w64-mingw32/8.1.0/../../../../x86_64-w64-mingw32/lib/../lib/libmsvcrt.a(lib64_libmsvcrt_os_a-__p__fmode.o)
                0x000000000040e620                __p__fmode
 .text          0x000000000040e630        0x0 C:/mingw64/bin/../lib/gcc/x86_64-w64-mingw32/8.1.0/../../../../x86_64-w64-mingw32/lib/../lib/libmsvcrt.a(duagh.o)
 .text          0x000000000040e630        0x8 C:/mingw64/bin/../lib/gcc/x86_64-w64-mingw32/8.1.0/../../../../x86_64-w64-mingw32/lib/../lib/libmsvcrt.a(duags00821.o)
                0x000000000040e630                _unlock
 .text          0x000000000040e638        0x8 C:/mingw64/bin/../lib/gcc/x86_64-w64-mingw32/8.1.0/../../../../x86_64-w64-mingw32/lib/../lib/libmsvcrt.a(duags00441.o)
                0x000000000040e638                _lock
 .text          0x000000000040e640        0x0 C:/mingw64/bin/../lib/gcc/x86_64-w64-mingw32/8.1.0/../../../../x86_64-w64-mingw32/lib/../lib/libmsvcrt.a(duags00115.o)
 .text          0x000000000040e640        0x8 C:/mingw64/bin/../lib/gcc/x86_64-w64-mingw32/8.1.0/../../../../x86_64-w64-mingw32/lib/../lib/libmsvcrt.a(duags00083.o)
                0x000000000040e640                __iob_func
 *fill*         0x000000000040e648        0x8 
 .text          0x000000000040e650        0x0 C:/mingw64/bin/../lib/gcc/x86_64-w64-mingw32/8.1.0/../../../../x86_64-w64-mingw32/lib/../lib/libmsvcrt.a(duagt.o)
 .text          0x000000000040e650        0x8 C:/mingw64/bin/../lib/gcc/x86_64-w64-mingw32/8.1.0/../../../../x86_64-w64-mingw32/lib/../lib/libkernel32.a(dqifs01490.o)
                0x000000000040e650                WideCharToMultiByte
 .text          0x000000000040e658        0x8 C:/mingw64/bin/../lib/gcc/x86_64-w64-mingw32/8.1.0/../../../../x86_64-w64-mingw32/lib/../lib/libkernel32.a(dqifs01445.o)
                0x000000000040e658                VirtualQuery
 .text          0x000000000040e660        0x8 C:/mingw64/bin/../lib/gcc/x86_64-w64-mingw32/8.1.0/../../../../x86_64-w64-mingw32/lib/../lib/libkernel32.a(dqifs01443.o)
                0x000000000040e660                VirtualProtect
 .text          0x000000000040e668        0x8 C:/mingw64/bin/../lib/gcc/x86_64-w64-mingw32/8.1.0/../../../../x86_64-w64-mingw32/lib/../lib/libkernel32.a(dqifs01409.o)
                0x000000000040e668                UnhandledExceptionFilter
 .text          0x000000000040e670        0x8 C:/mingw64/bin/../lib/gcc/x86_64-w64-mingw32/8.1.0/../../../../x86_64-w64-mingw32/lib/../lib/libkernel32.a(dqifs01395.o)
                0x000000000040e670                TlsGetValue
 .text          0x000000000040e678        0x8 C:/mingw64/bin/../lib/gcc/x86_64-w64-mingw32/8.1.0/../../../../x86_64-w64-mingw32/lib/../lib/libkernel32.a(dqifs01375.o)
                0x000000000040e678                TerminateProcess
 .text          0x000000000040e680        0x8 C:/mingw64/bin/../lib/gcc/x86_64-w64-mingw32/8.1.0/../../../../x86_64-w64-mingw32/lib/../lib/libkernel32.a(dqifs01360.o)
                0x000000000040e680                Sleep
 .text          0x000000000040e688        0x8 C:/mingw64/bin/../lib/gcc/x86_64-w64-mingw32/8.1.0/../../../../x86_64-w64-mingw32/lib/../lib/libkernel32.a(dqifs01346.o)
                0x000000000040e688                SetUnhandledExceptionFilter
 .text          0x000000000040e690        0x8 C:/mingw64/bin/../lib/gcc/x86_64-w64-mingw32/8.1.0/../../../../x86_64-w64-mingw32/lib/../lib/libkernel32.a(dqifs01194.o)
                0x000000000040e690                RtlVirtualUnwind
 .text          0x000000000040e698        0x8 C:/mingw64/bin/../lib/gcc/x86_64-w64-mingw32/8.1.0/../../../../x86_64-w64-mingw32/lib/../lib/libkernel32.a(dqifs01187.o)
                0x000000000040e698                RtlLookupFunctionEntry
 .text          0x000000000040e6a0        0x8 C:/mingw64/bin/../lib/gcc/x86_64-w64-mingw32/8.1.0/../../../../x86_64-w64-mingw32/lib/../lib/libkernel32.a(dqifs01180.o)
                0x000000000040e6a0                RtlCaptureContext
 .text          0x000000000040e6a8        0x8 C:/mingw64/bin/../lib/gcc/x86_64-w64-mingw32/8.1.0/../../../../x86_64-w64-mingw32/lib/../lib/libkernel32.a(dqifs01179.o)
                0x000000000040e6a8                RtlAddFunctionTable
 .text          0x000000000040e6b0        0x8 C:/mingw64/bin/../lib/gcc/x86_64-w64-mingw32/8.1.0/../../../../x86_64-w64-mingw32/lib/../lib/libkernel32.a(dqifs01093.o)
                0x000000000040e6b0                QueryPerformanceCounter
 .text          0x000000000040e6b8        0x8 C:/mingw64/bin/../lib/gcc/x86_64-w64-mingw32/8.1.0/../../../../x86_64-w64-mingw32/lib/../lib/libkernel32.a(dqifs00999.o)
                0x000000000040e6b8                MultiByteToWideChar
 .text          0x000000000040e6c0        0x8 C:/mingw64/bin/../lib/gcc/x86_64-w64-mingw32/8.1.0/../../../../x86_64-w64-mingw32/lib/../lib/libkernel32.a(dqifs00951.o)
                0x000000000040e6c0                LeaveCriticalSection
 .text          0x000000000040e6c8        0x8 C:/mingw64/bin/../lib/gcc/x86_64-w64-mingw32/8.1.0/../../../../x86_64-w64-mingw32/lib/../lib/libkernel32.a(dqifs00889.o)
                0x000000000040e6c8                IsDBCSLeadByteEx
 .text          0x000000000040e6d0        0x8 C:/mingw64/bin/../lib/gcc/x86_64-w64-mingw32/8.1.0/../../../../x86_64-w64-mingw32/lib/../lib/libkernel32.a(dqifs00863.o)
                0x000000000040e6d0                InitializeCriticalSection
 .text          0x000000000040e6d8        0x8 C:/mingw64/bin/../lib/gcc/x86_64-w64-mingw32/8.1.0/../../../../x86_64-w64-mingw32/lib/../lib/libkernel32.a(dqifs00774.o)
                0x000000000040e6d8                GetTickCount
 .text          0x000000000040e6e0        0x8 C:/mingw64/bin/../lib/gcc/x86_64-w64-mingw32/8.1.0/../../../../x86_64-w64-mingw32/lib/../lib/libkernel32.a(dqifs00746.o)
                0x000000000040e6e0                GetSystemTimeAsFileTime
 .text          0x000000000040e6e8        0x8 C:/mingw64/bin/../lib/gcc/x86_64-w64-mingw32/8.1.0/../../../../x86_64-w64-mingw32/lib/../lib/libkernel32.a(dqifs00721.o)
                0x000000000040e6e8                GetStartupInfoA
 .text          0x000000000040e6f0        0x8 C:/mingw64/bin/../lib/gcc/x86_64-w64-mingw32/8.1.0/../../../../x86_64-w64-mingw32/lib/../lib/libkernel32.a(dqifs00609.o)
                0x000000000040e6f0                GetLastError
 .text          0x000000000040e6f8        0x8 C:/mingw64/bin/../lib/gcc/x86_64-w64-mingw32/8.1.0/../../../../x86_64-w64-mingw32/lib/../lib/libkernel32.a(dqifs00540.o)
                0x000000000040e6f8                GetCurrentThreadId
 .text          0x000000000040e700        0x8 C:/mingw64/bin/../lib/gcc/x86_64-w64-mingw32/8.1.0/../../../../x86_64-w64-mingw32/lib/../lib/libkernel32.a(dqifs00536.o)
                0x000000000040e700                GetCurrentProcessId
 .text          0x000000000040e708        0x8 C:/mingw64/bin/../lib/gcc/x86_64-w64-mingw32/8.1.0/../../../../x86_64-w64-mingw32/lib/../lib/libkernel32.a(dqifs00535.o)
                0x000000000040e708                GetCurrentProcess
 .text          0x000000000040e710        0x8 C:/mingw64/bin/../lib/gcc/x86_64-w64-mingw32/8.1.0/../../../../x86_64-w64-mingw32/lib/../lib/libkernel32.a(dqifs00304.o)
                0x000000000040e710                EnterCriticalSection
 .text          0x000000000040e718        0x8 C:/mingw64/bin/../lib/gcc/x86_64-w64-mingw32/8.1.0/../../../../x86_64-w64-mingw32/lib/../lib/libkernel32.a(dqifs00268.o)
                0x000000000040e718                DeleteCriticalSection
 .text          0x000000000040e720        0x0 C:/mingw64/bin/../lib/gcc/x86_64-w64-mingw32/8.1.0/../../../../x86_64-w64-mingw32/lib/../lib/libkernel32.a(dqifh.o)
 .text          0x000000000040e720        0x0 C:/mingw64/bin/../lib/gcc/x86_64-w64-mingw32/8.1.0/../../../../x86_64-w64-mingw32/lib/../lib/libkernel32.a(dqift.o)
 .text          0x000000000040e720        0x0 C:/mingw64/bin/../lib/gcc/x86_64-w64-mingw32/8.1.0/../../../../x86_64-w64-mingw32/lib/../lib/libmsvcrt.a(duags00253.o)
 .text          0x000000000040e720        0x0 C:/mingw64/bin/../lib/gcc/x86_64-w64-mingw32/8.1.0/crtend.o
 .text          0x000000000040e720        0x8 C:/mingw64/bin/../lib/gcc/x86_64-w64-mingw32/8.1.0/../../../../x86_64-w64-mingw32/lib/../lib/libgcc_s.a(d000015.o)
                0x000000000040e720                _Unwind_Resume
 *fill*         0x000000000040e728        0x8 
 .text          0x000000000040e730      0x130 C:/mingw64/bin/../lib/gcc/x86_64-w64-mingw32/8.1.0/../../../../x86_64-w64-mingw32/lib/../lib/libmingwex.a(lib64_libmingwex_a-sqrt.o)
                0x000000000040e730                sqrt
 .text          0x000000000040e860      0x130 C:/mingw64/bin/../lib/gcc/x86_64-w64-mingw32/8.1.0/../../../../x86_64-w64-mingw32/lib/../lib/libmingwex.a(lib64_libmingwex_a-sqrtf.o)
                0x000000000040e860                sqrtf
 .text          0x000000000040e990       0x20 C:/mingw64/bin/../lib/gcc/x86_64-w64-mingw32/8.1.0/../../../../x86_64-w64-mingw32/lib/../lib/libmingwex.a(lib64_libmingwex_a-cosf.o)
                0x000000000040e990                cosf
 .text          0x000000000040e9b0       0x40 C:/mingw64/bin/../lib/gcc/x86_64-w64-mingw32/8.1.0/../../../../x86_64-w64-mingw32/lib/../lib/libmingwex.a(lib64_libmingwex_a-fmodf.o)
                0x000000000040e9b0                fmodf
 .text          0x000000000040e9f0       0x20 C:/mingw64/bin/../lib/gcc/x86_64-w64-mingw32/8.1.0/../../../../x86_64-w64-mingw32/lib/../lib/libmingwex.a(lib64_libmingwex_a-sinf.o)
                0x000000000040e9f0                sinf
 .text          0x000000000040ea10      0x100 C:/mingw64/bin/../lib/gcc/x86_64-w64-mingw32/8.1.0/../../../../x86_64-w64-mingw32/lib/../lib/libmingwex.a(lib64_libmingwex_a-cos.o)
                0x000000000040ea10                cos
 .text          0x000000000040eb10       0x30 C:/mingw64/bin/../lib/gcc/x86_64-w64-mingw32/8.1.0/../../../../x86_64-w64-mingw32/lib/../lib/libmingwex.a(lib64_libmingwex_a-cosl_internal.o)
                0x000000000040eb10                __cosl_internal
 .text          0x000000000040eb40      0x100 C:/mingw64/bin/../lib/gcc/x86_64-w64-mingw32/8.1.0/../../../../x86_64-w64-mingw32/lib/../lib/libmingwex.a(lib64_libmingwex_a-sin.o)
                0x000000000040eb40                sin
 .text          0x000000000040ec40       0x40 C:/mingw64/bin/../lib/gcc/x86_64-w64-mingw32/8.1.0/../../../../x86_64-w64-mingw32/lib/../lib/libmingwex.a(lib64_libmingwex_a-sinl_internal.o)
                0x000000000040ec40                __sinl_internal
 *(SORT_BY_NAME(.text$*))
 .text$WinMain  0x000000000040ec80     0x17d0 C:\Users\tvirtman.SVA\AppData\Local\Temp\ccBnPDul.ltrans0.ltrans.o
                0x000000000040ec80                WinMain
 .text$_Z12importNetpbmNSt7__cxx1112basic_stringIcSt11char_traitsIcESaIcEEE
                0x0000000000410450      0x300 C:\Users\tvirtman.SVA\AppData\Local\Temp\ccBnPDul.ltrans0.ltrans.o
 .text$_Z12updateInputsv
                0x0000000000410750      0x1b0 C:\Users\tvirtman.SVA\AppData\Local\Temp\ccBnPDul.ltrans0.ltrans.o
 .text$_Z12updateScreenv
                0x0000000000410900      0x4e0 C:\Users\tvirtman.SVA\AppData\Local\Temp\ccBnPDul.ltrans0.ltrans.o
 .text$_Z24checkIfAnyLinesIntersectRK5PointS1_
                0x0000000000410de0      0x150 C:\Users\tvirtman.SVA\AppData\Local\Temp\ccBnPDul.ltrans0.ltrans.o
 .text$_Z26updateColorBasedOnLocation5Point5Color
                0x0000000000410f30      0x250 C:\Users\tvirtman.SVA\AppData\Local\Temp\ccBnPDul.ltrans0.ltrans.o
 .text$_Z29mapWorldPointToLineCoordinateR4LineR5Point
                0x0000000000411180       0xc0 C:\Users\tvirtman.SVA\AppData\Local\Temp\ccBnPDul.ltrans0.ltrans.o
 .text$_ZL6fscanfP6_iobufPKcz.constprop.6
                0x0000000000411240       0x30 C:\Users\tvirtman.SVA\AppData\Local\Temp\ccBnPDul.ltrans0.ltrans.o
 .text$_ZL6printfPKcz
                0x0000000000411270       0x50 C:\Users\tvirtman.SVA\AppData\Local\Temp\ccBnPDul.ltrans0.ltrans.o
 .text$_ZL9vsnprintfPcyPKcS_
                0x00000000004112c0       0x10 C:\Users\tvirtman.SVA\AppData\Local\Temp\ccBnPDul.ltrans0.ltrans.o
 .text$_ZN9__gnu_cxx12__to_xstringINSt7__cxx1112basic_stringIcSt11char_traitsIcESaIcEEEcEET_PFiPT0_yPKS8_PcEySB_z.constprop.0
                0x00000000004112d0       0x60 C:\Users\tvirtman.SVA\AppData\Local\Temp\ccBnPDul.ltrans0.ltrans.o
 .text$_ZNSt6thread11_State_implINS_8_InvokerISt5tupleIJPFvvEEEEEE6_M_runEv
                0x0000000000411330       0x10 C:\Users\tvirtman.SVA\AppData\Local\Temp\ccBnPDul.ltrans0.ltrans.o
 .text$_ZNSt6thread11_State_implINS_8_InvokerISt5tupleIJPFvvEEEEEED0Ev
                0x0000000000411340       0x30 C:\Users\tvirtman.SVA\AppData\Local\Temp\ccBnPDul.ltrans0.ltrans.o
 .text$_ZNSt6thread11_State_implINS_8_InvokerISt5tupleIJPFvvEEEEEED1Ev
                0x0000000000411370       0x10 C:\Users\tvirtman.SVA\AppData\Local\Temp\ccBnPDul.ltrans0.ltrans.o
 .text$_ZNSt6thread11_State_implINS_8_InvokerISt5tupleIJZ7WinMainEUlvE_EEEEE6_M_runEv
                0x0000000000411380      0x5c0 C:\Users\tvirtman.SVA\AppData\Local\Temp\ccBnPDul.ltrans0.ltrans.o
 .text$_ZNSt6thread11_State_implINS_8_InvokerISt5tupleIJZ7WinMainEUlvE_EEEEED0Ev
                0x0000000000411940       0x30 C:\Users\tvirtman.SVA\AppData\Local\Temp\ccBnPDul.ltrans0.ltrans.o
 .text$_ZNSt6thread11_State_implINS_8_InvokerISt5tupleIJZ7WinMainEUlvE_EEEEED2Ev
                0x0000000000411970       0x10 C:\Users\tvirtman.SVA\AppData\Local\Temp\ccBnPDul.ltrans0.ltrans.o
 .text$_ZNSt6vectorISt6threadSaIS0_EED1Ev
                0x0000000000411980       0x50 C:\Users\tvirtman.SVA\AppData\Local\Temp\ccBnPDul.ltrans0.ltrans.o
 .text$_ZNSt7__cxx1112basic_stringIcSt11char_traitsIcESaIcEE12_M_constructIPKcEEvT_S8_St20forward_iterator_tag.constprop.1
                0x00000000004119d0       0xd0 C:\Users\tvirtman.SVA\AppData\Local\Temp\ccBnPDul.ltrans0.ltrans.o
 *(.text.*)
 .text.startup._GLOBAL__sub_I_WINDOW_WIDTH
                0x0000000000411aa0       0x20 C:\Users\tvirtman.SVA\AppData\Local\Temp\ccBnPDul.ltrans0.ltrans.o
 .text.startup  0x0000000000411ac0       0x40 C:/mingw64/bin/../lib/gcc/x86_64-w64-mingw32/8.1.0/../../../../x86_64-w64-mingw32/lib/../lib/libmingw32.a(lib64_libmingw32_a-crt0_c.o)
                0x0000000000411ac0                main
 .text.unlikely
                0x0000000000411b00       0x70 C:/mingw64/bin/../lib/gcc/x86_64-w64-mingw32/8.1.0/../../../../x86_64-w64-mingw32/lib/../lib/libmingw32.a(lib64_libmingw32_a-pseudo-reloc.o)
 .text.startup  0x0000000000411b70       0x10 C:/mingw64/bin/../lib/gcc/x86_64-w64-mingw32/8.1.0/crtend.o
 *(.gnu.linkonce.t.*)
 *(.glue_7t)
 *(.glue_7)
                0x0000000000411b80                . = ALIGN (0x8)
                0x0000000000411b80                ___CTOR_LIST__ = .
                0x0000000000411b80                __CTOR_LIST__ = .
                0x0000000000411b80        0x4 LONG 0xffffffffffffffff
                0x0000000000411b84        0x4 LONG 0xffffffffffffffff
 *(.ctors)
 .ctors         0x0000000000411b88        0x8 C:\Users\tvirtman.SVA\AppData\Local\Temp\ccBnPDul.ltrans0.ltrans.o
 *(.ctor)
 *(SORT_BY_NAME(.ctors.*))
 .ctors.65535   0x0000000000411b90        0x8 C:/mingw64/bin/../lib/gcc/x86_64-w64-mingw32/8.1.0/crtend.o
                0x0000000000411b98        0x4 LONG 0x0
                0x0000000000411b9c        0x4 LONG 0x0
                0x0000000000411ba0                ___DTOR_LIST__ = .
                0x0000000000411ba0                __DTOR_LIST__ = .
                0x0000000000411ba0        0x4 LONG 0xffffffffffffffff
                0x0000000000411ba4        0x4 LONG 0xffffffffffffffff
 *(.dtors)
 *(.dtor)
 *(SORT_BY_NAME(.dtors.*))
                0x0000000000411ba8        0x4 LONG 0x0
                0x0000000000411bac        0x4 LONG 0x0
 *(.fini)
 *(.gcc_exc)
                [!provide]                        PROVIDE (etext = .)
 *(.gcc_except_table)

.data           0x0000000000412000      0x200
                0x0000000000412000                __data_start__ = .
 *(.data)
 .data          0x0000000000412000       0x10 C:/mingw64/bin/../lib/gcc/x86_64-w64-mingw32/8.1.0/../../../../x86_64-w64-mingw32/lib/../lib/crt2.o
                0x0000000000412000                __mingw_winmain_nShowCmd
 .data          0x0000000000412010        0x0 C:/mingw64/bin/../lib/gcc/x86_64-w64-mingw32/8.1.0/crtbegin.o
 .data          0x0000000000412010        0x0 C:\Users\tvirtman.SVA\AppData\Local\Temp\ccBnPDul.ltrans0.ltrans.o
 .data          0x0000000000412010        0x0 C:/mingw64/bin/../lib/gcc/x86_64-w64-mingw32/8.1.0/../../../../x86_64-w64-mingw32/lib/../lib/libmingw32.a(lib64_libmingw32_a-crt0_c.o)
 .data          0x0000000000412010       0x10 C:/mingw64/bin/../lib/gcc/x86_64-w64-mingw32/8.1.0/../../../../x86_64-w64-mingw32/lib/../lib/libmingw32.a(lib64_libmingw32_a-gccmain.o)
 .data          0x0000000000412020       0x10 C:/mingw64/bin/../lib/gcc/x86_64-w64-mingw32/8.1.0/../../../../x86_64-w64-mingw32/lib/../lib/libmingw32.a(lib64_libmingw32_a-natstart.o)
                0x0000000000412020                __native_vcclrit_reason
                0x0000000000412024                __native_dllmain_reason
 .data          0x0000000000412030       0x10 C:/mingw64/bin/../lib/gcc/x86_64-w64-mingw32/8.1.0/../../../../x86_64-w64-mingw32/lib/../lib/libmingw32.a(lib64_libmingw32_a-wildcard.o)
                0x0000000000412030                _dowildcard
 .data          0x0000000000412040       0x10 C:/mingw64/bin/../lib/gcc/x86_64-w64-mingw32/8.1.0/../../../../x86_64-w64-mingw32/lib/../lib/libmingw32.a(lib64_libmingw32_a-charmax.o)
                0x0000000000412040                _charmax
 .data          0x0000000000412050        0x0 C:/mingw64/bin/../lib/gcc/x86_64-w64-mingw32/8.1.0/../../../../x86_64-w64-mingw32/lib/../lib/libmingw32.a(lib64_libmingw32_a-dllargv.o)
 .data          0x0000000000412050        0x0 C:/mingw64/bin/../lib/gcc/x86_64-w64-mingw32/8.1.0/../../../../x86_64-w64-mingw32/lib/../lib/libmingw32.a(lib64_libmingw32_a-gs_support.o)
 .data          0x0000000000412050        0x0 C:/mingw64/bin/../lib/gcc/x86_64-w64-mingw32/8.1.0/../../../../x86_64-w64-mingw32/lib/../lib/libmingw32.a(lib64_libmingw32_a-_newmode.o)
 .data          0x0000000000412050        0x0 C:/mingw64/bin/../lib/gcc/x86_64-w64-mingw32/8.1.0/../../../../x86_64-w64-mingw32/lib/../lib/libmingw32.a(lib64_libmingw32_a-tlssup.o)
 .data          0x0000000000412050        0x0 C:/mingw64/bin/../lib/gcc/x86_64-w64-mingw32/8.1.0/../../../../x86_64-w64-mingw32/lib/../lib/libmingw32.a(lib64_libmingw32_a-cinitexe.o)
 .data          0x0000000000412050        0x0 C:/mingw64/bin/../lib/gcc/x86_64-w64-mingw32/8.1.0/../../../../x86_64-w64-mingw32/lib/../lib/libmingw32.a(lib64_libmingw32_a-merr.o)
 .data          0x0000000000412050        0x0 C:/mingw64/bin/../lib/gcc/x86_64-w64-mingw32/8.1.0/../../../../x86_64-w64-mingw32/lib/../lib/libmingw32.a(lib64_libmingw32_a-CRT_fp10.o)
 .data          0x0000000000412050        0x0 C:/mingw64/bin/../lib/gcc/x86_64-w64-mingw32/8.1.0/../../../../x86_64-w64-mingw32/lib/../lib/libmingw32.a(lib64_libmingw32_a-mingw_helpers.o)
 .data          0x0000000000412050        0x0 C:/mingw64/bin/../lib/gcc/x86_64-w64-mingw32/8.1.0/../../../../x86_64-w64-mingw32/lib/../lib/libmingw32.a(lib64_libmingw32_a-pseudo-reloc.o)
 .data          0x0000000000412050        0x0 C:/mingw64/bin/../lib/gcc/x86_64-w64-mingw32/8.1.0/../../../../x86_64-w64-mingw32/lib/../lib/libmingw32.a(lib64_libmingw32_a-xtxtmode.o)
 .data          0x0000000000412050        0x0 C:/mingw64/bin/../lib/gcc/x86_64-w64-mingw32/8.1.0/../../../../x86_64-w64-mingw32/lib/../lib/libmingw32.a(lib64_libmingw32_a-crt_handler.o)
 .data          0x0000000000412050        0x0 C:/mingw64/bin/../lib/gcc/x86_64-w64-mingw32/8.1.0/../../../../x86_64-w64-mingw32/lib/../lib/libmingw32.a(lib64_libmingw32_a-tlsthrd.o)
 .data          0x0000000000412050       0x10 C:/mingw64/bin/../lib/gcc/x86_64-w64-mingw32/8.1.0/../../../../x86_64-w64-mingw32/lib/../lib/libmingw32.a(lib64_libmingw32_a-tlsmcrt.o)
                0x0000000000412050                _CRT_MT
 .data          0x0000000000412060        0x0 C:/mingw64/bin/../lib/gcc/x86_64-w64-mingw32/8.1.0/../../../../x86_64-w64-mingw32/lib/../lib/libmingw32.a(lib64_libmingw32_a-pseudo-reloc-list.o)
 .data          0x0000000000412060        0x0 C:/mingw64/bin/../lib/gcc/x86_64-w64-mingw32/8.1.0/../../../../x86_64-w64-mingw32/lib/../lib/libmingw32.a(lib64_libmingw32_a-pesect.o)
 .data          0x0000000000412060        0x0 C:/mingw64/bin/../lib/gcc/x86_64-w64-mingw32/8.1.0/libgcc.a(_chkstk_ms.o)
 .data          0x0000000000412060        0x0 C:/mingw64/bin/../lib/gcc/x86_64-w64-mingw32/8.1.0/libgcc.a(_ctors.o)
 .data          0x0000000000412060       0x10 C:/mingw64/bin/../lib/gcc/x86_64-w64-mingw32/8.1.0/../../../../x86_64-w64-mingw32/lib/../lib/libmingwex.a(lib64_libmingwex_a-mingw_matherr.o)
                0x0000000000412060                _MINGW_INSTALL_DEBUG_MATHERR
 .data          0x0000000000412070        0x0 C:/mingw64/bin/../lib/gcc/x86_64-w64-mingw32/8.1.0/../../../../x86_64-w64-mingw32/lib/../lib/libmingwex.a(lib64_libmingwex_a-mingw_vfprintf.o)
 .data          0x0000000000412070        0x0 C:/mingw64/bin/../lib/gcc/x86_64-w64-mingw32/8.1.0/../../../../x86_64-w64-mingw32/lib/../lib/libmingwex.a(lib64_libmingwex_a-mingw_vfscanf.o)
 .data          0x0000000000412070        0x0 C:/mingw64/bin/../lib/gcc/x86_64-w64-mingw32/8.1.0/../../../../x86_64-w64-mingw32/lib/../lib/libmingwex.a(lib64_libmingwex_a-mingw_vsnprintf.o)
 .data          0x0000000000412070       0x20 C:/mingw64/bin/../lib/gcc/x86_64-w64-mingw32/8.1.0/../../../../x86_64-w64-mingw32/lib/../lib/libmingwex.a(lib64_libmingwex_a-strtof.o)
 .data          0x0000000000412090       0x20 C:/mingw64/bin/../lib/gcc/x86_64-w64-mingw32/8.1.0/../../../../x86_64-w64-mingw32/lib/../lib/libmingwex.a(lib64_libmingwex_a-strtopx.o)
 .data          0x00000000004120b0        0x0 C:/mingw64/bin/../lib/gcc/x86_64-w64-mingw32/8.1.0/../../../../x86_64-w64-mingw32/lib/../lib/libmingwex.a(lib64_libmingwex_a-mbrtowc.o)
 .data          0x00000000004120b0        0x0 C:/mingw64/bin/../lib/gcc/x86_64-w64-mingw32/8.1.0/../../../../x86_64-w64-mingw32/lib/../lib/libmingwex.a(lib64_libmingwex_a-strtoimax.o)
 .data          0x00000000004120b0        0x0 C:/mingw64/bin/../lib/gcc/x86_64-w64-mingw32/8.1.0/../../../../x86_64-w64-mingw32/lib/../lib/libmingwex.a(lib64_libmingwex_a-strtoumax.o)
 .data          0x00000000004120b0       0x20 C:/mingw64/bin/../lib/gcc/x86_64-w64-mingw32/8.1.0/../../../../x86_64-w64-mingw32/lib/../lib/libmingwex.a(lib64_libmingwex_a-mingw_pformat.o)
 .data          0x00000000004120d0        0x0 C:/mingw64/bin/../lib/gcc/x86_64-w64-mingw32/8.1.0/../../../../x86_64-w64-mingw32/lib/../lib/libmingwex.a(lib64_libmingwex_a-dmisc.o)
 .data          0x00000000004120d0        0x0 C:/mingw64/bin/../lib/gcc/x86_64-w64-mingw32/8.1.0/../../../../x86_64-w64-mingw32/lib/../lib/libmingwex.a(lib64_libmingwex_a-gdtoa.o)
 .data          0x00000000004120d0        0x0 C:/mingw64/bin/../lib/gcc/x86_64-w64-mingw32/8.1.0/../../../../x86_64-w64-mingw32/lib/../lib/libmingwex.a(lib64_libmingwex_a-gmisc.o)
 .data          0x00000000004120d0       0x10 C:/mingw64/bin/../lib/gcc/x86_64-w64-mingw32/8.1.0/../../../../x86_64-w64-mingw32/lib/../lib/libmingwex.a(lib64_libmingwex_a-misc.o)
 .data          0x00000000004120e0        0x0 C:/mingw64/bin/../lib/gcc/x86_64-w64-mingw32/8.1.0/../../../../x86_64-w64-mingw32/lib/../lib/libmingwex.a(lib64_libmingwex_a-strtodg.o)
 .data          0x00000000004120e0        0x0 C:/mingw64/bin/../lib/gcc/x86_64-w64-mingw32/8.1.0/../../../../x86_64-w64-mingw32/lib/../lib/libmingwex.a(lib64_libmingwex_a-sum.o)
 .data          0x00000000004120e0        0x0 C:/mingw64/bin/../lib/gcc/x86_64-w64-mingw32/8.1.0/../../../../x86_64-w64-mingw32/lib/../lib/libmingwex.a(lib64_libmingwex_a-strnlen.o)
 .data          0x00000000004120e0        0x0 C:/mingw64/bin/../lib/gcc/x86_64-w64-mingw32/8.1.0/../../../../x86_64-w64-mingw32/lib/../lib/libmingwex.a(lib64_libmingwex_a-wcrtomb.o)
 .data          0x00000000004120e0        0x0 C:/mingw64/bin/../lib/gcc/x86_64-w64-mingw32/8.1.0/../../../../x86_64-w64-mingw32/lib/../lib/libmingwex.a(lib64_libmingwex_a-wcsnlen.o)
 .data          0x00000000004120e0        0x0 C:/mingw64/bin/../lib/gcc/x86_64-w64-mingw32/8.1.0/../../../../x86_64-w64-mingw32/lib/../lib/libmingwex.a(lib64_libmingwex_a-gethex.o)
 .data          0x00000000004120e0        0x0 C:/mingw64/bin/../lib/gcc/x86_64-w64-mingw32/8.1.0/../../../../x86_64-w64-mingw32/lib/../lib/libmingwex.a(lib64_libmingwex_a-hd_init.o)
 .data          0x00000000004120e0        0x0 C:/mingw64/bin/../lib/gcc/x86_64-w64-mingw32/8.1.0/../../../../x86_64-w64-mingw32/lib/../lib/libmingwex.a(lib64_libmingwex_a-hexnan.o)
 .data          0x00000000004120e0        0x0 C:/mingw64/bin/../lib/gcc/x86_64-w64-mingw32/8.1.0/../../../../x86_64-w64-mingw32/lib/../lib/libmingwex.a(lib64_libmingwex_a-smisc.o)
 .data          0x00000000004120e0        0x0 C:/mingw64/bin/../lib/gcc/x86_64-w64-mingw32/8.1.0/../../../../x86_64-w64-mingw32/lib/../lib/libmsvcrt.a(duags01264.o)
 .data          0x00000000004120e0        0x0 C:/mingw64/bin/../lib/gcc/x86_64-w64-mingw32/8.1.0/../../../../x86_64-w64-mingw32/lib/../lib/libmsvcrt.a(duags01243.o)
 .data          0x00000000004120e0        0x0 C:/mingw64/bin/../lib/gcc/x86_64-w64-mingw32/8.1.0/../../../../x86_64-w64-mingw32/lib/../lib/libmsvcrt.a(duags01241.o)
 .data          0x00000000004120e0        0x0 C:/mingw64/bin/../lib/gcc/x86_64-w64-mingw32/8.1.0/../../../../x86_64-w64-mingw32/lib/../lib/libmsvcrt.a(duags01237.o)
 .data          0x00000000004120e0        0x0 C:/mingw64/bin/../lib/gcc/x86_64-w64-mingw32/8.1.0/../../../../x86_64-w64-mingw32/lib/../lib/libmsvcrt.a(duags01223.o)
 .data          0x00000000004120e0        0x0 C:/mingw64/bin/../lib/gcc/x86_64-w64-mingw32/8.1.0/../../../../x86_64-w64-mingw32/lib/../lib/libmsvcrt.a(duags01222.o)
 .data          0x00000000004120e0        0x0 C:/mingw64/bin/../lib/gcc/x86_64-w64-mingw32/8.1.0/../../../../x86_64-w64-mingw32/lib/../lib/libmsvcrt.a(duags01211.o)
 .data          0x00000000004120e0        0x0 C:/mingw64/bin/../lib/gcc/x86_64-w64-mingw32/8.1.0/../../../../x86_64-w64-mingw32/lib/../lib/libmsvcrt.a(duags01208.o)
 .data          0x00000000004120e0        0x0 C:/mingw64/bin/../lib/gcc/x86_64-w64-mingw32/8.1.0/../../../../x86_64-w64-mingw32/lib/../lib/libmsvcrt.a(duags01206.o)
 .data          0x00000000004120e0        0x0 C:/mingw64/bin/../lib/gcc/x86_64-w64-mingw32/8.1.0/../../../../x86_64-w64-mingw32/lib/../lib/libmsvcrt.a(duags01187.o)
 .data          0x00000000004120e0        0x0 C:/mingw64/bin/../lib/gcc/x86_64-w64-mingw32/8.1.0/../../../../x86_64-w64-mingw32/lib/../lib/libmsvcrt.a(duags01177.o)
 .data          0x00000000004120e0        0x0 C:/mingw64/bin/../lib/gcc/x86_64-w64-mingw32/8.1.0/../../../../x86_64-w64-mingw32/lib/../lib/libmsvcrt.a(duags01159.o)
 .data          0x00000000004120e0        0x0 C:/mingw64/bin/../lib/gcc/x86_64-w64-mingw32/8.1.0/../../../../x86_64-w64-mingw32/lib/../lib/libmsvcrt.a(duags01157.o)
 .data          0x00000000004120e0        0x0 C:/mingw64/bin/../lib/gcc/x86_64-w64-mingw32/8.1.0/../../../../x86_64-w64-mingw32/lib/../lib/libmsvcrt.a(duags01149.o)
 .data          0x00000000004120e0        0x0 C:/mingw64/bin/../lib/gcc/x86_64-w64-mingw32/8.1.0/../../../../x86_64-w64-mingw32/lib/../lib/libmsvcrt.a(duags01142.o)
 .data          0x00000000004120e0        0x0 C:/mingw64/bin/../lib/gcc/x86_64-w64-mingw32/8.1.0/../../../../x86_64-w64-mingw32/lib/../lib/libmsvcrt.a(duags01138.o)
 .data          0x00000000004120e0        0x0 C:/mingw64/bin/../lib/gcc/x86_64-w64-mingw32/8.1.0/../../../../x86_64-w64-mingw32/lib/../lib/libmsvcrt.a(duags01123.o)
 .data          0x00000000004120e0        0x0 C:/mingw64/bin/../lib/gcc/x86_64-w64-mingw32/8.1.0/../../../../x86_64-w64-mingw32/lib/../lib/libmsvcrt.a(duags01122.o)
 .data          0x00000000004120e0        0x0 C:/mingw64/bin/../lib/gcc/x86_64-w64-mingw32/8.1.0/../../../../x86_64-w64-mingw32/lib/../lib/libmsvcrt.a(duags01119.o)
 .data          0x00000000004120e0        0x0 C:/mingw64/bin/../lib/gcc/x86_64-w64-mingw32/8.1.0/../../../../x86_64-w64-mingw32/lib/../lib/libmsvcrt.a(duags01104.o)
 .data          0x00000000004120e0        0x0 C:/mingw64/bin/../lib/gcc/x86_64-w64-mingw32/8.1.0/../../../../x86_64-w64-mingw32/lib/../lib/libmsvcrt.a(duags01101.o)
 .data          0x00000000004120e0        0x0 C:/mingw64/bin/../lib/gcc/x86_64-w64-mingw32/8.1.0/../../../../x86_64-w64-mingw32/lib/../lib/libmsvcrt.a(duags01095.o)
 .data          0x00000000004120e0        0x0 C:/mingw64/bin/../lib/gcc/x86_64-w64-mingw32/8.1.0/../../../../x86_64-w64-mingw32/lib/../lib/libmsvcrt.a(duags01089.o)
 .data          0x00000000004120e0        0x0 C:/mingw64/bin/../lib/gcc/x86_64-w64-mingw32/8.1.0/../../../../x86_64-w64-mingw32/lib/../lib/libmsvcrt.a(duags01084.o)
 .data          0x00000000004120e0        0x0 C:/mingw64/bin/../lib/gcc/x86_64-w64-mingw32/8.1.0/../../../../x86_64-w64-mingw32/lib/../lib/libmsvcrt.a(duags01082.o)
 .data          0x00000000004120e0        0x0 C:/mingw64/bin/../lib/gcc/x86_64-w64-mingw32/8.1.0/../../../../x86_64-w64-mingw32/lib/../lib/libmsvcrt.a(duags01080.o)
 .data          0x00000000004120e0        0x0 C:/mingw64/bin/../lib/gcc/x86_64-w64-mingw32/8.1.0/../../../../x86_64-w64-mingw32/lib/../lib/libmsvcrt.a(duags01071.o)
 .data          0x00000000004120e0        0x0 C:/mingw64/bin/../lib/gcc/x86_64-w64-mingw32/8.1.0/../../../../x86_64-w64-mingw32/lib/../lib/libmsvcrt.a(duags01067.o)
 .data          0x00000000004120e0        0x0 C:/mingw64/bin/../lib/gcc/x86_64-w64-mingw32/8.1.0/../../../../x86_64-w64-mingw32/lib/../lib/libmsvcrt.a(duags01063.o)
 .data          0x00000000004120e0        0x0 C:/mingw64/bin/../lib/gcc/x86_64-w64-mingw32/8.1.0/../../../../x86_64-w64-mingw32/lib/../lib/libmsvcrt.a(duags01050.o)
 .data          0x00000000004120e0        0x0 C:/mingw64/bin/../lib/gcc/x86_64-w64-mingw32/8.1.0/../../../../x86_64-w64-mingw32/lib/../lib/libmsvcrt.a(duags01032.o)
 .data          0x00000000004120e0        0x0 C:/mingw64/bin/../lib/gcc/x86_64-w64-mingw32/8.1.0/../../../../x86_64-w64-mingw32/lib/../lib/libmsvcrt.a(duags00614.o)
 .data          0x00000000004120e0        0x0 C:/mingw64/bin/../lib/gcc/x86_64-w64-mingw32/8.1.0/../../../../x86_64-w64-mingw32/lib/../lib/libmsvcrt.a(duags00332.o)
 .data          0x00000000004120e0        0x0 C:/mingw64/bin/../lib/gcc/x86_64-w64-mingw32/8.1.0/../../../../x86_64-w64-mingw32/lib/../lib/libmsvcrt.a(duags00203.o)
 .data          0x00000000004120e0        0x0 C:/mingw64/bin/../lib/gcc/x86_64-w64-mingw32/8.1.0/../../../../x86_64-w64-mingw32/lib/../lib/libmsvcrt.a(duags00141.o)
 .data          0x00000000004120e0        0x0 C:/mingw64/bin/../lib/gcc/x86_64-w64-mingw32/8.1.0/../../../../x86_64-w64-mingw32/lib/../lib/libmsvcrt.a(duags00122.o)
 .data          0x00000000004120e0        0x0 C:/mingw64/bin/../lib/gcc/x86_64-w64-mingw32/8.1.0/../../../../x86_64-w64-mingw32/lib/../lib/libmsvcrt.a(duags00098.o)
 .data          0x00000000004120e0        0x0 C:/mingw64/bin/../lib/gcc/x86_64-w64-mingw32/8.1.0/../../../../x86_64-w64-mingw32/lib/../lib/libmsvcrt.a(duags00096.o)
 .data          0x00000000004120e0        0x0 C:/mingw64/bin/../lib/gcc/x86_64-w64-mingw32/8.1.0/../../../../x86_64-w64-mingw32/lib/../lib/libmsvcrt.a(duags00090.o)
 .data          0x00000000004120e0        0x0 C:/mingw64/bin/../lib/gcc/x86_64-w64-mingw32/8.1.0/../../../../x86_64-w64-mingw32/lib/../lib/libmsvcrt.a(duags00082.o)
 .data          0x00000000004120e0        0x0 C:/mingw64/bin/../lib/gcc/x86_64-w64-mingw32/8.1.0/../../../../x86_64-w64-mingw32/lib/../lib/libmsvcrt.a(duags00081.o)
 .data          0x00000000004120e0        0x0 C:/mingw64/bin/../lib/gcc/x86_64-w64-mingw32/8.1.0/../../../../x86_64-w64-mingw32/lib/../lib/libmsvcrt.a(duags00066.o)
 .data          0x00000000004120e0        0x0 C:/mingw64/bin/../lib/gcc/x86_64-w64-mingw32/8.1.0/../../../../x86_64-w64-mingw32/lib/../lib/libmsvcrt.a(duags00063.o)
 .data          0x00000000004120e0        0x0 C:/mingw64/bin/../lib/gcc/x86_64-w64-mingw32/8.1.0/../../../../x86_64-w64-mingw32/lib/../lib/libmsvcrt.a(duags00055.o)
 .data          0x00000000004120e0       0x10 C:/mingw64/bin/../lib/gcc/x86_64-w64-mingw32/8.1.0/../../../../x86_64-w64-mingw32/lib/../lib/libmsvcrt.a(lib64_libmsvcrt_os_a-acrt_iob_func.o)
                0x00000000004120e0                __imp___acrt_iob_func
 .data          0x00000000004120f0       0x10 C:/mingw64/bin/../lib/gcc/x86_64-w64-mingw32/8.1.0/../../../../x86_64-w64-mingw32/lib/../lib/libmsvcrt.a(lib64_libmsvcrt_os_a-invalid_parameter_handler.o)
                0x00000000004120f0                __imp__get_invalid_parameter_handler
                0x00000000004120f8                __imp__set_invalid_parameter_handler
 .data          0x0000000000412100       0x10 C:/mingw64/bin/../lib/gcc/x86_64-w64-mingw32/8.1.0/../../../../x86_64-w64-mingw32/lib/../lib/libmsvcrt.a(lib64_libmsvcrt_os_a-mingw_lock.o)
                0x0000000000412100                __imp__unlock_file
                0x0000000000412108                __imp__lock_file
 .data          0x0000000000412110       0x10 C:/mingw64/bin/../lib/gcc/x86_64-w64-mingw32/8.1.0/../../../../x86_64-w64-mingw32/lib/../lib/libmsvcrt.a(lib64_libmsvcrt_os_a-__p__acmdln.o)
                0x0000000000412110                __imp___p__acmdln
 .data          0x0000000000412120       0x10 C:/mingw64/bin/../lib/gcc/x86_64-w64-mingw32/8.1.0/../../../../x86_64-w64-mingw32/lib/../lib/libmsvcrt.a(lib64_libmsvcrt_os_a-__p__fmode.o)
                0x0000000000412120                __imp___p__fmode
 .data          0x0000000000412130        0x0 C:/mingw64/bin/../lib/gcc/x86_64-w64-mingw32/8.1.0/../../../../x86_64-w64-mingw32/lib/../lib/libmsvcrt.a(duagh.o)
 .data          0x0000000000412130        0x0 C:/mingw64/bin/../lib/gcc/x86_64-w64-mingw32/8.1.0/../../../../x86_64-w64-mingw32/lib/../lib/libmsvcrt.a(duags00821.o)
 .data          0x0000000000412130        0x0 C:/mingw64/bin/../lib/gcc/x86_64-w64-mingw32/8.1.0/../../../../x86_64-w64-mingw32/lib/../lib/libmsvcrt.a(duags00441.o)
 .data          0x0000000000412130        0x0 C:/mingw64/bin/../lib/gcc/x86_64-w64-mingw32/8.1.0/../../../../x86_64-w64-mingw32/lib/../lib/libmsvcrt.a(duags00115.o)
 .data          0x0000000000412130        0x0 C:/mingw64/bin/../lib/gcc/x86_64-w64-mingw32/8.1.0/../../../../x86_64-w64-mingw32/lib/../lib/libmsvcrt.a(duags00083.o)
 .data          0x0000000000412130        0x0 C:/mingw64/bin/../lib/gcc/x86_64-w64-mingw32/8.1.0/../../../../x86_64-w64-mingw32/lib/../lib/libmsvcrt.a(duagt.o)
 .data          0x0000000000412130        0x0 C:/mingw64/bin/../lib/gcc/x86_64-w64-mingw32/8.1.0/../../../../x86_64-w64-mingw32/lib/../lib/libkernel32.a(dqifs01490.o)
 .data          0x0000000000412130        0x0 C:/mingw64/bin/../lib/gcc/x86_64-w64-mingw32/8.1.0/../../../../x86_64-w64-mingw32/lib/../lib/libkernel32.a(dqifs01445.o)
 .data          0x0000000000412130        0x0 C:/mingw64/bin/../lib/gcc/x86_64-w64-mingw32/8.1.0/../../../../x86_64-w64-mingw32/lib/../lib/libkernel32.a(dqifs01443.o)
 .data          0x0000000000412130        0x0 C:/mingw64/bin/../lib/gcc/x86_64-w64-mingw32/8.1.0/../../../../x86_64-w64-mingw32/lib/../lib/libkernel32.a(dqifs01409.o)
 .data          0x0000000000412130        0x0 C:/mingw64/bin/../lib/gcc/x86_64-w64-mingw32/8.1.0/../../../../x86_64-w64-mingw32/lib/../lib/libkernel32.a(dqifs01395.o)
 .data          0x0000000000412130        0x0 C:/mingw64/bin/../lib/gcc/x86_64-w64-mingw32/8.1.0/../../../../x86_64-w64-mingw32/lib/../lib/libkernel32.a(dqifs01375.o)
 .data          0x0000000000412130        0x0 C:/mingw64/bin/../lib/gcc/x86_64-w64-mingw32/8.1.0/../../../../x86_64-w64-mingw32/lib/../lib/libkernel32.a(dqifs01360.o)
 .data          0x0000000000412130        0x0 C:/mingw64/bin/../lib/gcc/x86_64-w64-mingw32/8.1.0/../../../../x86_64-w64-mingw32/lib/../lib/libkernel32.a(dqifs01346.o)
 .data          0x0000000000412130        0x0 C:/mingw64/bin/../lib/gcc/x86_64-w64-mingw32/8.1.0/../../../../x86_64-w64-mingw32/lib/../lib/libkernel32.a(dqifs01194.o)
 .data          0x0000000000412130        0x0 C:/mingw64/bin/../lib/gcc/x86_64-w64-mingw32/8.1.0/../../../../x86_64-w64-mingw32/lib/../lib/libkernel32.a(dqifs01187.o)
 .data          0x0000000000412130        0x0 C:/mingw64/bin/../lib/gcc/x86_64-w64-mingw32/8.1.0/../../../../x86_64-w64-mingw32/lib/../lib/libkernel32.a(dqifs01180.o)
 .data          0x0000000000412130        0x0 C:/mingw64/bin/../lib/gcc/x86_64-w64-mingw32/8.1.0/../../../../x86_64-w64-mingw32/lib/../lib/libkernel32.a(dqifs01179.o)
 .data          0x0000000000412130        0x0 C:/mingw64/bin/../lib/gcc/x86_64-w64-mingw32/8.1.0/../../../../x86_64-w64-mingw32/lib/../lib/libkernel32.a(dqifs01093.o)
 .data          0x0000000000412130        0x0 C:/mingw64/bin/../lib/gcc/x86_64-w64-mingw32/8.1.0/../../../../x86_64-w64-mingw32/lib/../lib/libkernel32.a(dqifs00999.o)
 .data          0x0000000000412130        0x0 C:/mingw64/bin/../lib/gcc/x86_64-w64-mingw32/8.1.0/../../../../x86_64-w64-mingw32/lib/../lib/libkernel32.a(dqifs00951.o)
 .data          0x0000000000412130        0x0 C:/mingw64/bin/../lib/gcc/x86_64-w64-mingw32/8.1.0/../../../../x86_64-w64-mingw32/lib/../lib/libkernel32.a(dqifs00889.o)
 .data          0x0000000000412130        0x0 C:/mingw64/bin/../lib/gcc/x86_64-w64-mingw32/8.1.0/../../../../x86_64-w64-mingw32/lib/../lib/libkernel32.a(dqifs00863.o)
 .data          0x0000000000412130        0x0 C:/mingw64/bin/../lib/gcc/x86_64-w64-mingw32/8.1.0/../../../../x86_64-w64-mingw32/lib/../lib/libkernel32.a(dqifs00774.o)
 .data          0x0000000000412130        0x0 C:/mingw64/bin/../lib/gcc/x86_64-w64-mingw32/8.1.0/../../../../x86_64-w64-mingw32/lib/../lib/libkernel32.a(dqifs00746.o)
 .data          0x0000000000412130        0x0 C:/mingw64/bin/../lib/gcc/x86_64-w64-mingw32/8.1.0/../../../../x86_64-w64-mingw32/lib/../lib/libkernel32.a(dqifs00721.o)
 .data          0x0000000000412130        0x0 C:/mingw64/bin/../lib/gcc/x86_64-w64-mingw32/8.1.0/../../../../x86_64-w64-mingw32/lib/../lib/libkernel32.a(dqifs00609.o)
 .data          0x0000000000412130        0x0 C:/mingw64/bin/../lib/gcc/x86_64-w64-mingw32/8.1.0/../../../../x86_64-w64-mingw32/lib/../lib/libkernel32.a(dqifs00540.o)
 .data          0x0000000000412130        0x0 C:/mingw64/bin/../lib/gcc/x86_64-w64-mingw32/8.1.0/../../../../x86_64-w64-mingw32/lib/../lib/libkernel32.a(dqifs00536.o)
 .data          0x0000000000412130        0x0 C:/mingw64/bin/../lib/gcc/x86_64-w64-mingw32/8.1.0/../../../../x86_64-w64-mingw32/lib/../lib/libkernel32.a(dqifs00535.o)
 .data          0x0000000000412130        0x0 C:/mingw64/bin/../lib/gcc/x86_64-w64-mingw32/8.1.0/../../../../x86_64-w64-mingw32/lib/../lib/libkernel32.a(dqifs00304.o)
 .data          0x0000000000412130        0x0 C:/mingw64/bin/../lib/gcc/x86_64-w64-mingw32/8.1.0/../../../../x86_64-w64-mingw32/lib/../lib/libkernel32.a(dqifs00268.o)
 .data          0x0000000000412130        0x0 C:/mingw64/bin/../lib/gcc/x86_64-w64-mingw32/8.1.0/../../../../x86_64-w64-mingw32/lib/../lib/libkernel32.a(dqifh.o)
 .data          0x0000000000412130        0x0 C:/mingw64/bin/../lib/gcc/x86_64-w64-mingw32/8.1.0/../../../../x86_64-w64-mingw32/lib/../lib/libkernel32.a(dqift.o)
 .data          0x0000000000412130        0x0 C:/mingw64/bin/../lib/gcc/x86_64-w64-mingw32/8.1.0/../../../../x86_64-w64-mingw32/lib/../lib/libmsvcrt.a(duags00253.o)
 .data          0x0000000000412130        0x0 C:/mingw64/bin/../lib/gcc/x86_64-w64-mingw32/8.1.0/crtend.o
 .data          0x0000000000412130        0x0 C:/mingw64/bin/../lib/gcc/x86_64-w64-mingw32/8.1.0/../../../../x86_64-w64-mingw32/lib/../lib/libmingwex.a(lib64_libmingwex_a-sqrt.o)
 .data          0x0000000000412130        0x0 C:/mingw64/bin/../lib/gcc/x86_64-w64-mingw32/8.1.0/../../../../x86_64-w64-mingw32/lib/../lib/libmingwex.a(lib64_libmingwex_a-sqrtf.o)
 .data          0x0000000000412130        0x0 C:/mingw64/bin/../lib/gcc/x86_64-w64-mingw32/8.1.0/../../../../x86_64-w64-mingw32/lib/../lib/libmingwex.a(lib64_libmingwex_a-cosf.o)
 .data          0x0000000000412130        0x0 C:/mingw64/bin/../lib/gcc/x86_64-w64-mingw32/8.1.0/../../../../x86_64-w64-mingw32/lib/../lib/libmingwex.a(lib64_libmingwex_a-fmodf.o)
 .data          0x0000000000412130        0x0 C:/mingw64/bin/../lib/gcc/x86_64-w64-mingw32/8.1.0/../../../../x86_64-w64-mingw32/lib/../lib/libmingwex.a(lib64_libmingwex_a-sinf.o)
 .data          0x0000000000412130        0x0 C:/mingw64/bin/../lib/gcc/x86_64-w64-mingw32/8.1.0/../../../../x86_64-w64-mingw32/lib/../lib/libmingwex.a(lib64_libmingwex_a-cos.o)
 .data          0x0000000000412130        0x0 C:/mingw64/bin/../lib/gcc/x86_64-w64-mingw32/8.1.0/../../../../x86_64-w64-mingw32/lib/../lib/libmingwex.a(lib64_libmingwex_a-cosl_internal.o)
 .data          0x0000000000412130        0x0 C:/mingw64/bin/../lib/gcc/x86_64-w64-mingw32/8.1.0/../../../../x86_64-w64-mingw32/lib/../lib/libmingwex.a(lib64_libmingwex_a-sin.o)
 .data          0x0000000000412130        0x0 C:/mingw64/bin/../lib/gcc/x86_64-w64-mingw32/8.1.0/../../../../x86_64-w64-mingw32/lib/../lib/libmingwex.a(lib64_libmingwex_a-sinl_internal.o)
 *(.data2)
 *(SORT_BY_NAME(.data$*))
 .data$__security_cookie
                0x0000000000412130       0x10 C:/mingw64/bin/../lib/gcc/x86_64-w64-mingw32/8.1.0/../../../../x86_64-w64-mingw32/lib/../lib/libmingw32.a(lib64_libmingw32_a-gs_support.o)
                0x0000000000412130                __security_cookie
 .data$__security_cookie_complement
                0x0000000000412140       0x10 C:/mingw64/bin/../lib/gcc/x86_64-w64-mingw32/8.1.0/../../../../x86_64-w64-mingw32/lib/../lib/libmingw32.a(lib64_libmingw32_a-gs_support.o)
                0x0000000000412140                __security_cookie_complement
 *(.jcr)
                0x0000000000412150                __data_end__ = .
 *(.data_cygwin_nocopy)

.rdata          0x0000000000413000     0x1200
 *(.rdata)
 .rdata         0x0000000000413000      0x3e0 C:\Users\tvirtman.SVA\AppData\Local\Temp\ccBnPDul.ltrans0.ltrans.o
                0x0000000000413268                __fu1__ZTVN10__cxxabiv120__si_class_type_infoE
                0x0000000000413298                __fu0__ZTVN10__cxxabiv117__class_type_infoE
                0x0000000000413300                __fu2__ZTVN10__cxxabiv120__si_class_type_infoE
 .rdata         0x00000000004133e0       0x10 C:/mingw64/bin/../lib/gcc/x86_64-w64-mingw32/8.1.0/../../../../x86_64-w64-mingw32/lib/../lib/libmingw32.a(lib64_libmingw32_a-gs_support.o)
 *fill*         0x00000000004133f0       0x10 
 .rdata         0x0000000000413400       0x60 C:/mingw64/bin/../lib/gcc/x86_64-w64-mingw32/8.1.0/../../../../x86_64-w64-mingw32/lib/../lib/libmingw32.a(lib64_libmingw32_a-tlssup.o)
                0x0000000000413400                __dyn_tls_init_callback
                0x0000000000413420                _tls_used
 .rdata         0x0000000000413460      0x140 C:/mingw64/bin/../lib/gcc/x86_64-w64-mingw32/8.1.0/../../../../x86_64-w64-mingw32/lib/../lib/libmingw32.a(lib64_libmingw32_a-merr.o)
 .rdata         0x00000000004135a0      0x110 C:/mingw64/bin/../lib/gcc/x86_64-w64-mingw32/8.1.0/../../../../x86_64-w64-mingw32/lib/../lib/libmingw32.a(lib64_libmingw32_a-pseudo-reloc.o)
 .rdata         0x00000000004136b0       0x10 C:/mingw64/bin/../lib/gcc/x86_64-w64-mingw32/8.1.0/../../../../x86_64-w64-mingw32/lib/../lib/libmingw32.a(lib64_libmingw32_a-crt_handler.o)
 .rdata         0x00000000004136c0      0x210 C:/mingw64/bin/../lib/gcc/x86_64-w64-mingw32/8.1.0/../../../../x86_64-w64-mingw32/lib/../lib/libmingwex.a(lib64_libmingwex_a-mingw_vfscanf.o)
 .rdata         0x00000000004138d0       0x20 C:/mingw64/bin/../lib/gcc/x86_64-w64-mingw32/8.1.0/../../../../x86_64-w64-mingw32/lib/../lib/libmingwex.a(lib64_libmingwex_a-strtof.o)
 .rdata         0x00000000004138f0       0x20 C:/mingw64/bin/../lib/gcc/x86_64-w64-mingw32/8.1.0/../../../../x86_64-w64-mingw32/lib/../lib/libmingwex.a(lib64_libmingwex_a-strtopx.o)
 .rdata         0x0000000000413910      0x190 C:/mingw64/bin/../lib/gcc/x86_64-w64-mingw32/8.1.0/../../../../x86_64-w64-mingw32/lib/../lib/libmingwex.a(lib64_libmingwex_a-mingw_pformat.o)
 .rdata         0x0000000000413aa0       0xa0 C:/mingw64/bin/../lib/gcc/x86_64-w64-mingw32/8.1.0/../../../../x86_64-w64-mingw32/lib/../lib/libmingwex.a(lib64_libmingwex_a-gdtoa.o)
 .rdata         0x0000000000413b40      0x160 C:/mingw64/bin/../lib/gcc/x86_64-w64-mingw32/8.1.0/../../../../x86_64-w64-mingw32/lib/../lib/libmingwex.a(lib64_libmingwex_a-misc.o)
                0x0000000000413b60                __tens_D2A
                0x0000000000413c20                __tinytens_D2A
                0x0000000000413c60                __bigtens_D2A
 .rdata         0x0000000000413ca0      0x180 C:/mingw64/bin/../lib/gcc/x86_64-w64-mingw32/8.1.0/../../../../x86_64-w64-mingw32/lib/../lib/libmingwex.a(lib64_libmingwex_a-strtodg.o)
 .rdata         0x0000000000413e20       0x20 C:/mingw64/bin/../lib/gcc/x86_64-w64-mingw32/8.1.0/../../../../x86_64-w64-mingw32/lib/../lib/libmingwex.a(lib64_libmingwex_a-hd_init.o)
 .rdata         0x0000000000413e40       0x30 C:/mingw64/bin/../lib/gcc/x86_64-w64-mingw32/8.1.0/../../../../x86_64-w64-mingw32/lib/../lib/libmingwex.a(lib64_libmingwex_a-sqrt.o)
 .rdata         0x0000000000413e70       0x20 C:/mingw64/bin/../lib/gcc/x86_64-w64-mingw32/8.1.0/../../../../x86_64-w64-mingw32/lib/../lib/libmingwex.a(lib64_libmingwex_a-sqrtf.o)
 .rdata         0x0000000000413e90       0x10 C:/mingw64/bin/../lib/gcc/x86_64-w64-mingw32/8.1.0/../../../../x86_64-w64-mingw32/lib/../lib/libmingwex.a(lib64_libmingwex_a-cos.o)
 .rdata         0x0000000000413ea0       0x10 C:/mingw64/bin/../lib/gcc/x86_64-w64-mingw32/8.1.0/../../../../x86_64-w64-mingw32/lib/../lib/libmingwex.a(lib64_libmingwex_a-sin.o)
 .rdata         0x0000000000413eb0        0x8 ertr000001.o
 *(SORT_BY_NAME(.rdata$*))
 *fill*         0x0000000000413eb8        0x8 
 .rdata$.refptr._CRT_MT
                0x0000000000413ec0       0x10 C:/mingw64/bin/../lib/gcc/x86_64-w64-mingw32/8.1.0/../../../../x86_64-w64-mingw32/lib/../lib/libmingw32.a(lib64_libmingw32_a-tlssup.o)
                0x0000000000413ec0                .refptr._CRT_MT
 .rdata$.refptr._MINGW_INSTALL_DEBUG_MATHERR
                0x0000000000413ed0       0x10 C:/mingw64/bin/../lib/gcc/x86_64-w64-mingw32/8.1.0/../../../../x86_64-w64-mingw32/lib/../lib/crt2.o
                0x0000000000413ed0                .refptr._MINGW_INSTALL_DEBUG_MATHERR
 .rdata$.refptr.__CTOR_LIST__
                0x0000000000413ee0       0x10 C:/mingw64/bin/../lib/gcc/x86_64-w64-mingw32/8.1.0/../../../../x86_64-w64-mingw32/lib/../lib/libmingw32.a(lib64_libmingw32_a-gccmain.o)
                0x0000000000413ee0                .refptr.__CTOR_LIST__
 .rdata$.refptr.__RUNTIME_PSEUDO_RELOC_LIST_END__
                0x0000000000413ef0       0x10 C:/mingw64/bin/../lib/gcc/x86_64-w64-mingw32/8.1.0/../../../../x86_64-w64-mingw32/lib/../lib/libmingw32.a(lib64_libmingw32_a-pseudo-reloc.o)
                0x0000000000413ef0                .refptr.__RUNTIME_PSEUDO_RELOC_LIST_END__
 .rdata$.refptr.__RUNTIME_PSEUDO_RELOC_LIST__
                0x0000000000413f00       0x10 C:/mingw64/bin/../lib/gcc/x86_64-w64-mingw32/8.1.0/../../../../x86_64-w64-mingw32/lib/../lib/libmingw32.a(lib64_libmingw32_a-pseudo-reloc.o)
                0x0000000000413f00                .refptr.__RUNTIME_PSEUDO_RELOC_LIST__
 .rdata$.refptr.__bigtens_D2A
                0x0000000000413f10       0x10 C:/mingw64/bin/../lib/gcc/x86_64-w64-mingw32/8.1.0/../../../../x86_64-w64-mingw32/lib/../lib/libmingwex.a(lib64_libmingwex_a-strtodg.o)
                0x0000000000413f10                .refptr.__bigtens_D2A
 .rdata$.refptr.__dyn_tls_init_callback
                0x0000000000413f20       0x10 C:/mingw64/bin/../lib/gcc/x86_64-w64-mingw32/8.1.0/../../../../x86_64-w64-mingw32/lib/../lib/crt2.o
                0x0000000000413f20                .refptr.__dyn_tls_init_callback
 .rdata$.refptr.__hexdig_D2A
                0x0000000000413f30       0x10 C:/mingw64/bin/../lib/gcc/x86_64-w64-mingw32/8.1.0/../../../../x86_64-w64-mingw32/lib/../lib/libmingwex.a(lib64_libmingwex_a-gethex.o)
                0x0000000000413f30                .refptr.__hexdig_D2A
 .rdata$.refptr.__image_base__
                0x0000000000413f40       0x10 C:/mingw64/bin/../lib/gcc/x86_64-w64-mingw32/8.1.0/../../../../x86_64-w64-mingw32/lib/../lib/crt2.o
                0x0000000000413f40                .refptr.__image_base__
 .rdata$.refptr.__imp___initenv
                0x0000000000413f50       0x10 C:/mingw64/bin/../lib/gcc/x86_64-w64-mingw32/8.1.0/../../../../x86_64-w64-mingw32/lib/../lib/crt2.o
                0x0000000000413f50                .refptr.__imp___initenv
 .rdata$.refptr.__imp__acmdln
                0x0000000000413f60       0x10 C:/mingw64/bin/../lib/gcc/x86_64-w64-mingw32/8.1.0/../../../../x86_64-w64-mingw32/lib/../lib/libmsvcrt.a(lib64_libmsvcrt_os_a-__p__acmdln.o)
                0x0000000000413f60                .refptr.__imp__acmdln
 .rdata$.refptr.__imp__fmode
                0x0000000000413f70       0x10 C:/mingw64/bin/../lib/gcc/x86_64-w64-mingw32/8.1.0/../../../../x86_64-w64-mingw32/lib/../lib/libmsvcrt.a(lib64_libmsvcrt_os_a-__p__fmode.o)
                0x0000000000413f70                .refptr.__imp__fmode
 .rdata$.refptr.__mingw_oldexcpt_handler
                0x0000000000413f80       0x10 C:/mingw64/bin/../lib/gcc/x86_64-w64-mingw32/8.1.0/../../../../x86_64-w64-mingw32/lib/../lib/crt2.o
                0x0000000000413f80                .refptr.__mingw_oldexcpt_handler
 .rdata$.refptr.__mingw_winmain_hInstance
                0x0000000000413f90       0x10 C:/mingw64/bin/../lib/gcc/x86_64-w64-mingw32/8.1.0/../../../../x86_64-w64-mingw32/lib/../lib/libmingw32.a(lib64_libmingw32_a-crt0_c.o)
                0x0000000000413f90                .refptr.__mingw_winmain_hInstance
 .rdata$.refptr.__mingw_winmain_lpCmdLine
                0x0000000000413fa0       0x10 C:/mingw64/bin/../lib/gcc/x86_64-w64-mingw32/8.1.0/../../../../x86_64-w64-mingw32/lib/../lib/libmingw32.a(lib64_libmingw32_a-crt0_c.o)
                0x0000000000413fa0                .refptr.__mingw_winmain_lpCmdLine
 .rdata$.refptr.__mingw_winmain_nShowCmd
                0x0000000000413fb0       0x10 C:/mingw64/bin/../lib/gcc/x86_64-w64-mingw32/8.1.0/../../../../x86_64-w64-mingw32/lib/../lib/libmingw32.a(lib64_libmingw32_a-crt0_c.o)
                0x0000000000413fb0                .refptr.__mingw_winmain_nShowCmd
 .rdata$.refptr.__native_startup_lock
                0x0000000000413fc0       0x10 C:/mingw64/bin/../lib/gcc/x86_64-w64-mingw32/8.1.0/../../../../x86_64-w64-mingw32/lib/../lib/crt2.o
                0x0000000000413fc0                .refptr.__native_startup_lock
 .rdata$.refptr.__native_startup_state
                0x0000000000413fd0       0x10 C:/mingw64/bin/../lib/gcc/x86_64-w64-mingw32/8.1.0/../../../../x86_64-w64-mingw32/lib/../lib/crt2.o
                0x0000000000413fd0                .refptr.__native_startup_state
 .rdata$.refptr.__tens_D2A
                0x0000000000413fe0       0x10 C:/mingw64/bin/../lib/gcc/x86_64-w64-mingw32/8.1.0/../../../../x86_64-w64-mingw32/lib/../lib/libmingwex.a(lib64_libmingwex_a-gdtoa.o)
                0x0000000000413fe0                .refptr.__tens_D2A
 .rdata$.refptr.__tinytens_D2A
                0x0000000000413ff0       0x10 C:/mingw64/bin/../lib/gcc/x86_64-w64-mingw32/8.1.0/../../../../x86_64-w64-mingw32/lib/../lib/libmingwex.a(lib64_libmingwex_a-strtodg.o)
                0x0000000000413ff0                .refptr.__tinytens_D2A
 .rdata$.refptr.__xc_a
                0x0000000000414000       0x10 C:/mingw64/bin/../lib/gcc/x86_64-w64-mingw32/8.1.0/../../../../x86_64-w64-mingw32/lib/../lib/crt2.o
                0x0000000000414000                .refptr.__xc_a
 .rdata$.refptr.__xc_z
                0x0000000000414010       0x10 C:/mingw64/bin/../lib/gcc/x86_64-w64-mingw32/8.1.0/../../../../x86_64-w64-mingw32/lib/../lib/crt2.o
                0x0000000000414010                .refptr.__xc_z
 .rdata$.refptr.__xi_a
                0x0000000000414020       0x10 C:/mingw64/bin/../lib/gcc/x86_64-w64-mingw32/8.1.0/../../../../x86_64-w64-mingw32/lib/../lib/crt2.o
                0x0000000000414020                .refptr.__xi_a
 .rdata$.refptr.__xi_z
                0x0000000000414030       0x10 C:/mingw64/bin/../lib/gcc/x86_64-w64-mingw32/8.1.0/../../../../x86_64-w64-mingw32/lib/../lib/crt2.o
                0x0000000000414030                .refptr.__xi_z
 .rdata$.refptr._dowildcard
                0x0000000000414040       0x10 C:/mingw64/bin/../lib/gcc/x86_64-w64-mingw32/8.1.0/../../../../x86_64-w64-mingw32/lib/../lib/crt2.o
                0x0000000000414040                .refptr._dowildcard
 .rdata$.refptr._fmode
                0x0000000000414050       0x10 C:/mingw64/bin/../lib/gcc/x86_64-w64-mingw32/8.1.0/../../../../x86_64-w64-mingw32/lib/../lib/crt2.o
                0x0000000000414050                .refptr._fmode
 .rdata$.refptr._gnu_exception_handler
                0x0000000000414060       0x10 C:/mingw64/bin/../lib/gcc/x86_64-w64-mingw32/8.1.0/../../../../x86_64-w64-mingw32/lib/../lib/crt2.o
                0x0000000000414060                .refptr._gnu_exception_handler
 .rdata$.refptr._matherr
                0x0000000000414070       0x10 C:/mingw64/bin/../lib/gcc/x86_64-w64-mingw32/8.1.0/../../../../x86_64-w64-mingw32/lib/../lib/crt2.o
                0x0000000000414070                .refptr._matherr
 .rdata$.refptr._newmode
                0x0000000000414080       0x10 C:/mingw64/bin/../lib/gcc/x86_64-w64-mingw32/8.1.0/../../../../x86_64-w64-mingw32/lib/../lib/crt2.o
                0x0000000000414080                .refptr._newmode
 .rdata$.refptr.mingw_app_type
                0x0000000000414090       0x10 C:/mingw64/bin/../lib/gcc/x86_64-w64-mingw32/8.1.0/../../../../x86_64-w64-mingw32/lib/../lib/crt2.o
                0x0000000000414090                .refptr.mingw_app_type
 .rdata$.refptr.mingw_initcharmax
                0x00000000004140a0       0x10 C:/mingw64/bin/../lib/gcc/x86_64-w64-mingw32/8.1.0/../../../../x86_64-w64-mingw32/lib/../lib/crt2.o
                0x00000000004140a0                .refptr.mingw_initcharmax
 .rdata$.refptr.mingw_initltsdrot_force
                0x00000000004140b0       0x10 C:/mingw64/bin/../lib/gcc/x86_64-w64-mingw32/8.1.0/../../../../x86_64-w64-mingw32/lib/../lib/crt2.o
                0x00000000004140b0                .refptr.mingw_initltsdrot_force
 .rdata$.refptr.mingw_initltsdyn_force
                0x00000000004140c0       0x10 C:/mingw64/bin/../lib/gcc/x86_64-w64-mingw32/8.1.0/../../../../x86_64-w64-mingw32/lib/../lib/crt2.o
                0x00000000004140c0                .refptr.mingw_initltsdyn_force
 .rdata$.refptr.mingw_initltssuo_force
                0x00000000004140d0       0x10 C:/mingw64/bin/../lib/gcc/x86_64-w64-mingw32/8.1.0/../../../../x86_64-w64-mingw32/lib/../lib/crt2.o
                0x00000000004140d0                .refptr.mingw_initltssuo_force
 .rdata$zzz     0x00000000004140e0       0x40 C:\Users\tvirtman.SVA\AppData\Local\Temp\ccBnPDul.ltrans0.ltrans.o
                0x0000000000414120                __rt_psrelocs_start = .
 *(.rdata_runtime_pseudo_reloc)
 .rdata_runtime_pseudo_reloc
                0x0000000000414120       0x18 rtr000000.o
 .rdata_runtime_pseudo_reloc
                0x0000000000414138        0xc rtr000002.o
 .rdata_runtime_pseudo_reloc
                0x0000000000414144        0xc rtr000003.o
                0x0000000000414150                __rt_psrelocs_end = .
                0x0000000000000030                __rt_psrelocs_size = (__rt_psrelocs_end - __rt_psrelocs_start)
                0x0000000000414150                ___RUNTIME_PSEUDO_RELOC_LIST_END__ = .
                0x0000000000414150                __RUNTIME_PSEUDO_RELOC_LIST_END__ = .
                0x0000000000414120                ___RUNTIME_PSEUDO_RELOC_LIST__ = (. - __rt_psrelocs_size)
                0x0000000000414120                __RUNTIME_PSEUDO_RELOC_LIST__ = (. - __rt_psrelocs_size)

.eh_frame
 *(.eh_frame*)

.pdata          0x0000000000415000      0x800
 *(.pdata*)
 .pdata         0x0000000000415000       0x54 C:/mingw64/bin/../lib/gcc/x86_64-w64-mingw32/8.1.0/../../../../x86_64-w64-mingw32/lib/../lib/crt2.o
 .pdata         0x0000000000415054       0x18 C:/mingw64/bin/../lib/gcc/x86_64-w64-mingw32/8.1.0/crtbegin.o
 .pdata$_ZNSt6thread11_State_implINS_8_InvokerISt5tupleIJPFvvEEEEEE6_M_runEv
                0x000000000041506c        0xc C:\Users\tvirtman.SVA\AppData\Local\Temp\ccBnPDul.ltrans0.ltrans.o
 .pdata$_Z24checkIfAnyLinesIntersectRK5PointS1_
                0x0000000000415078        0xc C:\Users\tvirtman.SVA\AppData\Local\Temp\ccBnPDul.ltrans0.ltrans.o
 .pdata$_ZL6fscanfP6_iobufPKcz.constprop.6
                0x0000000000415084        0xc C:\Users\tvirtman.SVA\AppData\Local\Temp\ccBnPDul.ltrans0.ltrans.o
 .pdata$_ZNSt7__cxx1112basic_stringIcSt11char_traitsIcESaIcEE12_M_constructIPKcEEvT_S8_St20forward_iterator_tag.constprop.1
                0x0000000000415090        0xc C:\Users\tvirtman.SVA\AppData\Local\Temp\ccBnPDul.ltrans0.ltrans.o
 .pdata$_ZL9vsnprintfPcyPKcS_
                0x000000000041509c        0xc C:\Users\tvirtman.SVA\AppData\Local\Temp\ccBnPDul.ltrans0.ltrans.o
 .pdata$_ZN9__gnu_cxx12__to_xstringINSt7__cxx1112basic_stringIcSt11char_traitsIcESaIcEEEcEET_PFiPT0_yPKS8_PcEySB_z.constprop.0
                0x00000000004150a8        0xc C:\Users\tvirtman.SVA\AppData\Local\Temp\ccBnPDul.ltrans0.ltrans.o
 .pdata$_ZNSt6thread11_State_implINS_8_InvokerISt5tupleIJPFvvEEEEEED0Ev
                0x00000000004150b4        0xc C:\Users\tvirtman.SVA\AppData\Local\Temp\ccBnPDul.ltrans0.ltrans.o
 .pdata$_ZNSt6thread11_State_implINS_8_InvokerISt5tupleIJPFvvEEEEEED1Ev
                0x00000000004150c0        0xc C:\Users\tvirtman.SVA\AppData\Local\Temp\ccBnPDul.ltrans0.ltrans.o
 .pdata$_ZNSt6thread11_State_implINS_8_InvokerISt5tupleIJZ7WinMainEUlvE_EEEEED0Ev
                0x00000000004150cc        0xc C:\Users\tvirtman.SVA\AppData\Local\Temp\ccBnPDul.ltrans0.ltrans.o
 .pdata$_ZNSt6thread11_State_implINS_8_InvokerISt5tupleIJZ7WinMainEUlvE_EEEEED2Ev
                0x00000000004150d8        0xc C:\Users\tvirtman.SVA\AppData\Local\Temp\ccBnPDul.ltrans0.ltrans.o
 .pdata$_ZNSt6vectorISt6threadSaIS0_EED1Ev
                0x00000000004150e4        0xc C:\Users\tvirtman.SVA\AppData\Local\Temp\ccBnPDul.ltrans0.ltrans.o
 .pdata$_Z12updateInputsv
                0x00000000004150f0        0xc C:\Users\tvirtman.SVA\AppData\Local\Temp\ccBnPDul.ltrans0.ltrans.o
 .pdata$_Z12updateScreenv
                0x00000000004150fc        0xc C:\Users\tvirtman.SVA\AppData\Local\Temp\ccBnPDul.ltrans0.ltrans.o
 .pdata$_Z29mapWorldPointToLineCoordinateR4LineR5Point
                0x0000000000415108        0xc C:\Users\tvirtman.SVA\AppData\Local\Temp\ccBnPDul.ltrans0.ltrans.o
 .pdata$_Z26updateColorBasedOnLocation5Point5Color
                0x0000000000415114        0xc C:\Users\tvirtman.SVA\AppData\Local\Temp\ccBnPDul.ltrans0.ltrans.o
 .pdata$_ZNSt6thread11_State_implINS_8_InvokerISt5tupleIJZ7WinMainEUlvE_EEEEE6_M_runEv
                0x0000000000415120        0xc C:\Users\tvirtman.SVA\AppData\Local\Temp\ccBnPDul.ltrans0.ltrans.o
 .pdata$_ZL6printfPKcz
                0x000000000041512c        0xc C:\Users\tvirtman.SVA\AppData\Local\Temp\ccBnPDul.ltrans0.ltrans.o
 .pdata$_Z12importNetpbmNSt7__cxx1112basic_stringIcSt11char_traitsIcESaIcEEE
                0x0000000000415138        0xc C:\Users\tvirtman.SVA\AppData\Local\Temp\ccBnPDul.ltrans0.ltrans.o
 .pdata.startup._GLOBAL__sub_I_WINDOW_WIDTH
                0x0000000000415144        0xc C:\Users\tvirtman.SVA\AppData\Local\Temp\ccBnPDul.ltrans0.ltrans.o
 .pdata$WinMain
                0x0000000000415150        0xc C:\Users\tvirtman.SVA\AppData\Local\Temp\ccBnPDul.ltrans0.ltrans.o
 .pdata.startup
                0x000000000041515c        0xc C:/mingw64/bin/../lib/gcc/x86_64-w64-mingw32/8.1.0/../../../../x86_64-w64-mingw32/lib/../lib/libmingw32.a(lib64_libmingw32_a-crt0_c.o)